[PID=9089][Mon Mar 18 03:41:11 2024] Error : -1(Unix error code) in EduBfM_DiscardAll.c:74
[PID=9089][Mon Mar 18 03:41:11 2024] Error : -1(Unix error code) in EduBfM_Test.c:319
[PID=9089][Mon Mar 18 03:41:11 2024] Error : -589829(eNOLOGGEDTRANSACTION_RM) in RM_Transaction.c:311
[PID=9089][Mon Mar 18 03:41:11 2024] Error : -589829(eNOLOGGEDTRANSACTION_RM) in SM_Transaction.c:258
[PID=9089][Mon Mar 18 03:41:11 2024] Error : -589829(eNOLOGGEDTRANSACTION_RM) in SM_ThinLayer.c:761
[PID=9089][Mon Mar 18 03:41:11 2024] Error : -589829(eNOLOGGEDTRANSACTION_RM) in LRDS_Transaction.c:133
[PID=9311][Mon Mar 18 03:41:56 2024] Error : -1(Unix error code) in EduBfM_DiscardAll.c:74
[PID=9311][Mon Mar 18 03:41:56 2024] Error : -1(Unix error code) in EduBfM_Test.c:319
[PID=9311][Mon Mar 18 03:41:56 2024] Error : -589829(eNOLOGGEDTRANSACTION_RM) in RM_Transaction.c:311
[PID=9311][Mon Mar 18 03:41:56 2024] Error : -589829(eNOLOGGEDTRANSACTION_RM) in SM_Transaction.c:258
[PID=9311][Mon Mar 18 03:41:56 2024] Error : -589829(eNOLOGGEDTRANSACTION_RM) in SM_ThinLayer.c:761
[PID=9311][Mon Mar 18 03:41:56 2024] Error : -589829(eNOLOGGEDTRANSACTION_RM) in LRDS_Transaction.c:133
[PID=9391][Mon Mar 18 03:42:14 2024] Error : -1(Unix error code) in EduBfM_DiscardAll.c:74
[PID=9391][Mon Mar 18 03:42:14 2024] Error : -1(Unix error code) in EduBfM_Test.c:319
[PID=9391][Mon Mar 18 03:42:14 2024] Error : -589829(eNOLOGGEDTRANSACTION_RM) in RM_Transaction.c:311
[PID=9391][Mon Mar 18 03:42:14 2024] Error : -589829(eNOLOGGEDTRANSACTION_RM) in SM_Transaction.c:258
[PID=9391][Mon Mar 18 03:42:14 2024] Error : -589829(eNOLOGGEDTRANSACTION_RM) in SM_ThinLayer.c:761
[PID=9391][Mon Mar 18 03:42:14 2024] Error : -589829(eNOLOGGEDTRANSACTION_RM) in LRDS_Transaction.c:133
[PID=9469][Mon Mar 18 03:42:45 2024] Error : -1(Unix error code) in EduBfM_DiscardAll.c:74
[PID=9469][Mon Mar 18 03:42:45 2024] Error : -1(Unix error code) in EduBfM_Test.c:319
[PID=9469][Mon Mar 18 03:42:45 2024] Error : -589829(eNOLOGGEDTRANSACTION_RM) in RM_Transaction.c:311
[PID=9469][Mon Mar 18 03:42:45 2024] Error : -589829(eNOLOGGEDTRANSACTION_RM) in SM_Transaction.c:258
[PID=9469][Mon Mar 18 03:42:45 2024] Error : -589829(eNOLOGGEDTRANSACTION_RM) in SM_ThinLayer.c:761
[PID=9469][Mon Mar 18 03:42:45 2024] Error : -589829(eNOLOGGEDTRANSACTION_RM) in LRDS_Transaction.c:133
[PID=9583][Mon Mar 18 03:45:10 2024] Error : -1(Unix error code) in EduBfM_DiscardAll.c:74
[PID=9583][Mon Mar 18 03:45:10 2024] Error : -1(Unix error code) in EduBfM_Test.c:319
[PID=9583][Mon Mar 18 03:45:10 2024] Error : -589829(eNOLOGGEDTRANSACTION_RM) in RM_Transaction.c:311
[PID=9583][Mon Mar 18 03:45:10 2024] Error : -589829(eNOLOGGEDTRANSACTION_RM) in SM_Transaction.c:258
[PID=9583][Mon Mar 18 03:45:10 2024] Error : -589829(eNOLOGGEDTRANSACTION_RM) in SM_ThinLayer.c:761
[PID=9583][Mon Mar 18 03:45:10 2024] Error : -589829(eNOLOGGEDTRANSACTION_RM) in LRDS_Transaction.c:133
[PID=9660][Mon Mar 18 03:45:17 2024] Error : -1(Unix error code) in EduBfM_DiscardAll.c:74
[PID=9660][Mon Mar 18 03:45:17 2024] Error : -1(Unix error code) in EduBfM_Test.c:319
[PID=9660][Mon Mar 18 03:45:17 2024] Error : -589829(eNOLOGGEDTRANSACTION_RM) in RM_Transaction.c:311
[PID=9660][Mon Mar 18 03:45:17 2024] Error : -589829(eNOLOGGEDTRANSACTION_RM) in SM_Transaction.c:258
[PID=9660][Mon Mar 18 03:45:17 2024] Error : -589829(eNOLOGGEDTRANSACTION_RM) in SM_ThinLayer.c:761
[PID=9660][Mon Mar 18 03:45:17 2024] Error : -589829(eNOLOGGEDTRANSACTION_RM) in LRDS_Transaction.c:133
[PID=11665][Mon Mar 18 05:20:48 2024] Error : -262151(eNOUNFIXEDBUF_BFM) in bfm_AllocTrain.c:432
[PID=11665][Mon Mar 18 05:20:48 2024] Error : -262151(eNOUNFIXEDBUF_BFM) in EduBfM_GetTrain.c:99
[PID=11665][Mon Mar 18 05:20:48 2024] Error : -262151(eNOUNFIXEDBUF_BFM) in EduBfM_Test.c:135
[PID=11665][Mon Mar 18 05:20:48 2024] Error : -589829(eNOLOGGEDTRANSACTION_RM) in RM_Transaction.c:311
[PID=11665][Mon Mar 18 05:20:48 2024] Error : -589829(eNOLOGGEDTRANSACTION_RM) in SM_Transaction.c:258
[PID=11665][Mon Mar 18 05:20:48 2024] Error : -589829(eNOLOGGEDTRANSACTION_RM) in SM_ThinLayer.c:761
[PID=11665][Mon Mar 18 05:20:48 2024] Error : -589829(eNOLOGGEDTRANSACTION_RM) in LRDS_Transaction.c:133
[PID=11933][Mon Mar 18 05:23:06 2024] Error : -262151(eNOUNFIXEDBUF_BFM) in bfm_AllocTrain.c:432
[PID=11933][Mon Mar 18 05:23:06 2024] Error : -262151(eNOUNFIXEDBUF_BFM) in EduBfM_GetTrain.c:99
[PID=11933][Mon Mar 18 05:23:06 2024] Error : -262151(eNOUNFIXEDBUF_BFM) in EduBfM_Test.c:135
[PID=11933][Mon Mar 18 05:23:06 2024] Error : -589829(eNOLOGGEDTRANSACTION_RM) in RM_Transaction.c:311
[PID=11933][Mon Mar 18 05:23:06 2024] Error : -589829(eNOLOGGEDTRANSACTION_RM) in SM_Transaction.c:258
[PID=11933][Mon Mar 18 05:23:06 2024] Error : -589829(eNOLOGGEDTRANSACTION_RM) in SM_ThinLayer.c:761
[PID=11933][Mon Mar 18 05:23:06 2024] Error : -589829(eNOLOGGEDTRANSACTION_RM) in LRDS_Transaction.c:133
[PID=12077][Mon Mar 18 05:26:57 2024] Error : -262151(eNOUNFIXEDBUF_BFM) in bfm_AllocTrain.c:432
[PID=12077][Mon Mar 18 05:26:57 2024] Error : -262151(eNOUNFIXEDBUF_BFM) in EduBfM_GetTrain.c:99
[PID=12077][Mon Mar 18 05:26:57 2024] Error : -262151(eNOUNFIXEDBUF_BFM) in EduBfM_Test.c:135
[PID=12077][Mon Mar 18 05:26:57 2024] Error : -589829(eNOLOGGEDTRANSACTION_RM) in RM_Transaction.c:311
[PID=12077][Mon Mar 18 05:26:57 2024] Error : -589829(eNOLOGGEDTRANSACTION_RM) in SM_Transaction.c:258
[PID=12077][Mon Mar 18 05:26:57 2024] Error : -589829(eNOLOGGEDTRANSACTION_RM) in SM_ThinLayer.c:761
[PID=12077][Mon Mar 18 05:26:57 2024] Error : -589829(eNOLOGGEDTRANSACTION_RM) in LRDS_Transaction.c:133
[PID=14246][Mon Mar 18 06:30:20 2024] Error : -262150(eNOTFOUND_BFM) in edubfm_Hash.c:164
[PID=14246][Mon Mar 18 06:30:20 2024] Error : -262150(eNOTFOUND_BFM) in edubfm_AllocTrain.c:114
[PID=14246][Mon Mar 18 06:30:20 2024] Error : -262150(eNOTFOUND_BFM) in EduBfM_GetTrain.c:99
[PID=14246][Mon Mar 18 06:30:20 2024] Error : -262150(eNOTFOUND_BFM) in EduBfM_Test.c:116
[PID=14246][Mon Mar 18 06:30:20 2024] Error : -589829(eNOLOGGEDTRANSACTION_RM) in RM_Transaction.c:311
[PID=14246][Mon Mar 18 06:30:20 2024] Error : -589829(eNOLOGGEDTRANSACTION_RM) in SM_Transaction.c:258
[PID=14246][Mon Mar 18 06:30:20 2024] Error : -589829(eNOLOGGEDTRANSACTION_RM) in SM_ThinLayer.c:761
[PID=14246][Mon Mar 18 06:30:20 2024] Error : -589829(eNOLOGGEDTRANSACTION_RM) in LRDS_Transaction.c:133
[PID=14374][Mon Mar 18 06:31:09 2024] Error : -262150(eNOTFOUND_BFM) in edubfm_Hash.c:164
[PID=14374][Mon Mar 18 06:31:09 2024] Error : -262150(eNOTFOUND_BFM) in edubfm_AllocTrain.c:114
[PID=14374][Mon Mar 18 06:31:09 2024] Error : -262150(eNOTFOUND_BFM) in EduBfM_GetTrain.c:99
[PID=14374][Mon Mar 18 06:31:09 2024] Error : -262150(eNOTFOUND_BFM) in EduBfM_Test.c:116
[PID=14374][Mon Mar 18 06:31:09 2024] Error : -589829(eNOLOGGEDTRANSACTION_RM) in RM_Transaction.c:311
[PID=14374][Mon Mar 18 06:31:09 2024] Error : -589829(eNOLOGGEDTRANSACTION_RM) in SM_Transaction.c:258
[PID=14374][Mon Mar 18 06:31:09 2024] Error : -589829(eNOLOGGEDTRANSACTION_RM) in SM_ThinLayer.c:761
[PID=14374][Mon Mar 18 06:31:09 2024] Error : -589829(eNOLOGGEDTRANSACTION_RM) in LRDS_Transaction.c:133
[PID=14565][Mon Mar 18 06:33:44 2024] Error : -262150(eNOTFOUND_BFM) in edubfm_Hash.c:164
[PID=14565][Mon Mar 18 06:33:44 2024] Error : -262150(eNOTFOUND_BFM) in edubfm_AllocTrain.c:114
[PID=14565][Mon Mar 18 06:33:44 2024] Error : -262150(eNOTFOUND_BFM) in EduBfM_GetTrain.c:99
[PID=14565][Mon Mar 18 06:33:44 2024] Error : -262150(eNOTFOUND_BFM) in EduBfM_Test.c:116
[PID=14565][Mon Mar 18 06:33:44 2024] Error : -589829(eNOLOGGEDTRANSACTION_RM) in RM_Transaction.c:311
[PID=14565][Mon Mar 18 06:33:44 2024] Error : -589829(eNOLOGGEDTRANSACTION_RM) in SM_Transaction.c:258
[PID=14565][Mon Mar 18 06:33:44 2024] Error : -589829(eNOLOGGEDTRANSACTION_RM) in SM_ThinLayer.c:761
[PID=14565][Mon Mar 18 06:33:44 2024] Error : -589829(eNOLOGGEDTRANSACTION_RM) in LRDS_Transaction.c:133
[PID=14643][Mon Mar 18 06:34:49 2024] Error : -262150(eNOTFOUND_BFM) in edubfm_Hash.c:164
[PID=14643][Mon Mar 18 06:34:49 2024] Error : -262150(eNOTFOUND_BFM) in edubfm_AllocTrain.c:114
[PID=14643][Mon Mar 18 06:34:49 2024] Error : -262150(eNOTFOUND_BFM) in EduBfM_GetTrain.c:99
[PID=14643][Mon Mar 18 06:34:49 2024] Error : -262150(eNOTFOUND_BFM) in EduBfM_Test.c:116
[PID=14643][Mon Mar 18 06:34:49 2024] Error : -589829(eNOLOGGEDTRANSACTION_RM) in RM_Transaction.c:311
[PID=14643][Mon Mar 18 06:34:49 2024] Error : -589829(eNOLOGGEDTRANSACTION_RM) in SM_Transaction.c:258
[PID=14643][Mon Mar 18 06:34:49 2024] Error : -589829(eNOLOGGEDTRANSACTION_RM) in SM_ThinLayer.c:761
[PID=14643][Mon Mar 18 06:34:49 2024] Error : -589829(eNOLOGGEDTRANSACTION_RM) in LRDS_Transaction.c:133
[PID=14730][Mon Mar 18 06:36:20 2024] Error : -262150(eNOTFOUND_BFM) in edubfm_Hash.c:166
[PID=14730][Mon Mar 18 06:36:20 2024] Error : -262150(eNOTFOUND_BFM) in edubfm_AllocTrain.c:114
[PID=14730][Mon Mar 18 06:36:20 2024] Error : -262150(eNOTFOUND_BFM) in EduBfM_GetTrain.c:99
[PID=14730][Mon Mar 18 06:36:20 2024] Error : -262150(eNOTFOUND_BFM) in EduBfM_Test.c:116
[PID=14730][Mon Mar 18 06:36:20 2024] Error : -589829(eNOLOGGEDTRANSACTION_RM) in RM_Transaction.c:311
[PID=14730][Mon Mar 18 06:36:20 2024] Error : -589829(eNOLOGGEDTRANSACTION_RM) in SM_Transaction.c:258
[PID=14730][Mon Mar 18 06:36:20 2024] Error : -589829(eNOLOGGEDTRANSACTION_RM) in SM_ThinLayer.c:761
[PID=14730][Mon Mar 18 06:36:20 2024] Error : -589829(eNOLOGGEDTRANSACTION_RM) in LRDS_Transaction.c:133
[PID=14812][Mon Mar 18 06:36:36 2024] Error : -262150(eNOTFOUND_BFM) in edubfm_Hash.c:166
[PID=14812][Mon Mar 18 06:36:36 2024] Error : -262150(eNOTFOUND_BFM) in edubfm_AllocTrain.c:114
[PID=14812][Mon Mar 18 06:36:36 2024] Error : -262150(eNOTFOUND_BFM) in EduBfM_GetTrain.c:99
[PID=14812][Mon Mar 18 06:36:36 2024] Error : -262150(eNOTFOUND_BFM) in EduBfM_Test.c:116
[PID=14812][Mon Mar 18 06:36:36 2024] Error : -589829(eNOLOGGEDTRANSACTION_RM) in RM_Transaction.c:311
[PID=14812][Mon Mar 18 06:36:36 2024] Error : -589829(eNOLOGGEDTRANSACTION_RM) in SM_Transaction.c:258
[PID=14812][Mon Mar 18 06:36:36 2024] Error : -589829(eNOLOGGEDTRANSACTION_RM) in SM_ThinLayer.c:761
[PID=14812][Mon Mar 18 06:36:36 2024] Error : -589829(eNOLOGGEDTRANSACTION_RM) in LRDS_Transaction.c:133
[PID=14885][Mon Mar 18 06:36:41 2024] Error : -262150(eNOTFOUND_BFM) in edubfm_Hash.c:166
[PID=14885][Mon Mar 18 06:36:41 2024] Error : -262150(eNOTFOUND_BFM) in edubfm_AllocTrain.c:114
[PID=14885][Mon Mar 18 06:36:41 2024] Error : -262150(eNOTFOUND_BFM) in EduBfM_GetTrain.c:99
[PID=14885][Mon Mar 18 06:36:41 2024] Error : -262150(eNOTFOUND_BFM) in EduBfM_Test.c:116
[PID=14885][Mon Mar 18 06:36:41 2024] Error : -589829(eNOLOGGEDTRANSACTION_RM) in RM_Transaction.c:311
[PID=14885][Mon Mar 18 06:36:41 2024] Error : -589829(eNOLOGGEDTRANSACTION_RM) in SM_Transaction.c:258
[PID=14885][Mon Mar 18 06:36:41 2024] Error : -589829(eNOLOGGEDTRANSACTION_RM) in SM_ThinLayer.c:761
[PID=14885][Mon Mar 18 06:36:41 2024] Error : -589829(eNOLOGGEDTRANSACTION_RM) in LRDS_Transaction.c:133
[PID=14946][Mon Mar 18 06:36:43 2024] Error : -262150(eNOTFOUND_BFM) in edubfm_Hash.c:166
[PID=14946][Mon Mar 18 06:36:43 2024] Error : -262150(eNOTFOUND_BFM) in edubfm_AllocTrain.c:114
[PID=14946][Mon Mar 18 06:36:43 2024] Error : -262150(eNOTFOUND_BFM) in EduBfM_GetTrain.c:99
[PID=14946][Mon Mar 18 06:36:43 2024] Error : -262150(eNOTFOUND_BFM) in EduBfM_Test.c:116
[PID=14946][Mon Mar 18 06:36:43 2024] Error : -589829(eNOLOGGEDTRANSACTION_RM) in RM_Transaction.c:311
[PID=14946][Mon Mar 18 06:36:43 2024] Error : -589829(eNOLOGGEDTRANSACTION_RM) in SM_Transaction.c:258
[PID=14946][Mon Mar 18 06:36:43 2024] Error : -589829(eNOLOGGEDTRANSACTION_RM) in SM_ThinLayer.c:761
[PID=14946][Mon Mar 18 06:36:43 2024] Error : -589829(eNOLOGGEDTRANSACTION_RM) in LRDS_Transaction.c:133
[PID=15060][Mon Mar 18 06:42:03 2024] Error : -262150(eNOTFOUND_BFM) in edubfm_Hash.c:177
[PID=15060][Mon Mar 18 06:42:03 2024] Error : -262150(eNOTFOUND_BFM) in edubfm_AllocTrain.c:114
[PID=15060][Mon Mar 18 06:42:03 2024] Error : -262150(eNOTFOUND_BFM) in EduBfM_GetTrain.c:99
[PID=15060][Mon Mar 18 06:42:03 2024] Error : -262150(eNOTFOUND_BFM) in EduBfM_Test.c:116
[PID=15060][Mon Mar 18 06:42:03 2024] Error : -589829(eNOLOGGEDTRANSACTION_RM) in RM_Transaction.c:311
[PID=15060][Mon Mar 18 06:42:03 2024] Error : -589829(eNOLOGGEDTRANSACTION_RM) in SM_Transaction.c:258
[PID=15060][Mon Mar 18 06:42:03 2024] Error : -589829(eNOLOGGEDTRANSACTION_RM) in SM_ThinLayer.c:761
[PID=15060][Mon Mar 18 06:42:03 2024] Error : -589829(eNOLOGGEDTRANSACTION_RM) in LRDS_Transaction.c:133
[PID=15164][Mon Mar 18 06:44:00 2024] Error : -262150(eNOTFOUND_BFM) in edubfm_Hash.c:177
[PID=15164][Mon Mar 18 06:44:00 2024] Error : -262150(eNOTFOUND_BFM) in edubfm_AllocTrain.c:114
[PID=15164][Mon Mar 18 06:44:00 2024] Error : -262150(eNOTFOUND_BFM) in EduBfM_GetTrain.c:99
[PID=15164][Mon Mar 18 06:44:00 2024] Error : -262150(eNOTFOUND_BFM) in EduBfM_Test.c:116
[PID=15164][Mon Mar 18 06:44:00 2024] Error : -589829(eNOLOGGEDTRANSACTION_RM) in RM_Transaction.c:311
[PID=15164][Mon Mar 18 06:44:00 2024] Error : -589829(eNOLOGGEDTRANSACTION_RM) in SM_Transaction.c:258
[PID=15164][Mon Mar 18 06:44:00 2024] Error : -589829(eNOLOGGEDTRANSACTION_RM) in SM_ThinLayer.c:761
[PID=15164][Mon Mar 18 06:44:00 2024] Error : -589829(eNOLOGGEDTRANSACTION_RM) in LRDS_Transaction.c:133
[PID=15284][Mon Mar 18 06:51:04 2024] Error : -262150(eNOTFOUND_BFM) in edubfm_Hash.c:185
[PID=15284][Mon Mar 18 06:51:04 2024] Error : -262150(eNOTFOUND_BFM) in edubfm_AllocTrain.c:114
[PID=15284][Mon Mar 18 06:51:04 2024] Error : -262150(eNOTFOUND_BFM) in EduBfM_GetTrain.c:99
[PID=15284][Mon Mar 18 06:51:04 2024] Error : -262150(eNOTFOUND_BFM) in EduBfM_Test.c:116
[PID=15284][Mon Mar 18 06:51:04 2024] Error : -589829(eNOLOGGEDTRANSACTION_RM) in RM_Transaction.c:311
[PID=15284][Mon Mar 18 06:51:04 2024] Error : -589829(eNOLOGGEDTRANSACTION_RM) in SM_Transaction.c:258
[PID=15284][Mon Mar 18 06:51:04 2024] Error : -589829(eNOLOGGEDTRANSACTION_RM) in SM_ThinLayer.c:761
[PID=15284][Mon Mar 18 06:51:04 2024] Error : -589829(eNOLOGGEDTRANSACTION_RM) in LRDS_Transaction.c:133
[PID=15424][Mon Mar 18 06:55:56 2024] Error : -262150(eNOTFOUND_BFM) in edubfm_Hash.c:190
[PID=15424][Mon Mar 18 06:55:56 2024] Error : -262150(eNOTFOUND_BFM) in edubfm_AllocTrain.c:114
[PID=15424][Mon Mar 18 06:55:56 2024] Error : -262150(eNOTFOUND_BFM) in EduBfM_GetTrain.c:99
[PID=15424][Mon Mar 18 06:55:56 2024] Error : -262150(eNOTFOUND_BFM) in EduBfM_Test.c:116
[PID=15424][Mon Mar 18 06:55:56 2024] Error : -589829(eNOLOGGEDTRANSACTION_RM) in RM_Transaction.c:311
[PID=15424][Mon Mar 18 06:55:56 2024] Error : -589829(eNOLOGGEDTRANSACTION_RM) in SM_Transaction.c:258
[PID=15424][Mon Mar 18 06:55:56 2024] Error : -589829(eNOLOGGEDTRANSACTION_RM) in SM_ThinLayer.c:761
[PID=15424][Mon Mar 18 06:55:56 2024] Error : -589829(eNOLOGGEDTRANSACTION_RM) in LRDS_Transaction.c:133
[PID=15502][Mon Mar 18 06:56:30 2024] Error : -262150(eNOTFOUND_BFM) in edubfm_Hash.c:189
[PID=15502][Mon Mar 18 06:56:30 2024] Error : -262150(eNOTFOUND_BFM) in edubfm_AllocTrain.c:114
[PID=15502][Mon Mar 18 06:56:30 2024] Error : -262150(eNOTFOUND_BFM) in EduBfM_GetTrain.c:99
[PID=15502][Mon Mar 18 06:56:30 2024] Error : -262150(eNOTFOUND_BFM) in EduBfM_Test.c:116
[PID=15502][Mon Mar 18 06:56:30 2024] Error : -589829(eNOLOGGEDTRANSACTION_RM) in RM_Transaction.c:311
[PID=15502][Mon Mar 18 06:56:30 2024] Error : -589829(eNOLOGGEDTRANSACTION_RM) in SM_Transaction.c:258
[PID=15502][Mon Mar 18 06:56:30 2024] Error : -589829(eNOLOGGEDTRANSACTION_RM) in SM_ThinLayer.c:761
[PID=15502][Mon Mar 18 06:56:30 2024] Error : -589829(eNOLOGGEDTRANSACTION_RM) in LRDS_Transaction.c:133
[PID=15657][Mon Mar 18 06:59:39 2024] Error : -262150(eNOTFOUND_BFM) in edubfm_Hash.c:168
[PID=15657][Mon Mar 18 06:59:39 2024] Error : -262150(eNOTFOUND_BFM) in edubfm_AllocTrain.c:114
[PID=15657][Mon Mar 18 06:59:39 2024] Error : -262150(eNOTFOUND_BFM) in EduBfM_GetTrain.c:99
[PID=15657][Mon Mar 18 06:59:39 2024] Error : -262150(eNOTFOUND_BFM) in EduBfM_Test.c:116
[PID=15657][Mon Mar 18 06:59:39 2024] Error : -589829(eNOLOGGEDTRANSACTION_RM) in RM_Transaction.c:311
[PID=15657][Mon Mar 18 06:59:39 2024] Error : -589829(eNOLOGGEDTRANSACTION_RM) in SM_Transaction.c:258
[PID=15657][Mon Mar 18 06:59:39 2024] Error : -589829(eNOLOGGEDTRANSACTION_RM) in SM_ThinLayer.c:761
[PID=15657][Mon Mar 18 06:59:39 2024] Error : -589829(eNOLOGGEDTRANSACTION_RM) in LRDS_Transaction.c:133
[PID=15850][Mon Mar 18 07:01:04 2024] Error : -262150(eNOTFOUND_BFM) in edubfm_Hash.c:168
[PID=15850][Mon Mar 18 07:01:04 2024] Error : -262150(eNOTFOUND_BFM) in edubfm_AllocTrain.c:114
[PID=15850][Mon Mar 18 07:01:04 2024] Error : -262150(eNOTFOUND_BFM) in EduBfM_GetTrain.c:99
[PID=15850][Mon Mar 18 07:01:04 2024] Error : -262150(eNOTFOUND_BFM) in EduBfM_Test.c:116
[PID=15850][Mon Mar 18 07:01:04 2024] Error : -589829(eNOLOGGEDTRANSACTION_RM) in RM_Transaction.c:311
[PID=15850][Mon Mar 18 07:01:04 2024] Error : -589829(eNOLOGGEDTRANSACTION_RM) in SM_Transaction.c:258
[PID=15850][Mon Mar 18 07:01:04 2024] Error : -589829(eNOLOGGEDTRANSACTION_RM) in SM_ThinLayer.c:761
[PID=15850][Mon Mar 18 07:01:04 2024] Error : -589829(eNOLOGGEDTRANSACTION_RM) in LRDS_Transaction.c:133
[PID=15936][Mon Mar 18 07:02:57 2024] Error : -262150(eNOTFOUND_BFM) in edubfm_Hash.c:169
[PID=15936][Mon Mar 18 07:02:57 2024] Error : -262150(eNOTFOUND_BFM) in edubfm_AllocTrain.c:114
[PID=15936][Mon Mar 18 07:02:57 2024] Error : -262150(eNOTFOUND_BFM) in EduBfM_GetTrain.c:99
[PID=15936][Mon Mar 18 07:02:57 2024] Error : -262150(eNOTFOUND_BFM) in EduBfM_Test.c:116
[PID=15936][Mon Mar 18 07:02:57 2024] Error : -589829(eNOLOGGEDTRANSACTION_RM) in RM_Transaction.c:311
[PID=15936][Mon Mar 18 07:02:57 2024] Error : -589829(eNOLOGGEDTRANSACTION_RM) in SM_Transaction.c:258
[PID=15936][Mon Mar 18 07:02:57 2024] Error : -589829(eNOLOGGEDTRANSACTION_RM) in SM_ThinLayer.c:761
[PID=15936][Mon Mar 18 07:02:57 2024] Error : -589829(eNOLOGGEDTRANSACTION_RM) in LRDS_Transaction.c:133
[PID=16014][Mon Mar 18 07:04:52 2024] Error : -262150(eNOTFOUND_BFM) in edubfm_Hash.c:186
[PID=16014][Mon Mar 18 07:04:52 2024] Error : -262150(eNOTFOUND_BFM) in edubfm_AllocTrain.c:114
[PID=16014][Mon Mar 18 07:04:52 2024] Error : -262150(eNOTFOUND_BFM) in EduBfM_GetTrain.c:99
[PID=16014][Mon Mar 18 07:04:52 2024] Error : -262150(eNOTFOUND_BFM) in EduBfM_Test.c:116
[PID=16014][Mon Mar 18 07:04:52 2024] Error : -589829(eNOLOGGEDTRANSACTION_RM) in RM_Transaction.c:311
[PID=16014][Mon Mar 18 07:04:52 2024] Error : -589829(eNOLOGGEDTRANSACTION_RM) in SM_Transaction.c:258
[PID=16014][Mon Mar 18 07:04:52 2024] Error : -589829(eNOLOGGEDTRANSACTION_RM) in SM_ThinLayer.c:761
[PID=16014][Mon Mar 18 07:04:52 2024] Error : -589829(eNOLOGGEDTRANSACTION_RM) in LRDS_Transaction.c:133
[PID=16092][Mon Mar 18 07:05:50 2024] Error : -262150(eNOTFOUND_BFM) in edubfm_Hash.c:187
[PID=16092][Mon Mar 18 07:05:50 2024] Error : -262150(eNOTFOUND_BFM) in edubfm_AllocTrain.c:114
[PID=16092][Mon Mar 18 07:05:50 2024] Error : -262150(eNOTFOUND_BFM) in EduBfM_GetTrain.c:99
[PID=16092][Mon Mar 18 07:05:50 2024] Error : -262150(eNOTFOUND_BFM) in EduBfM_Test.c:116
[PID=16092][Mon Mar 18 07:05:50 2024] Error : -589829(eNOLOGGEDTRANSACTION_RM) in RM_Transaction.c:311
[PID=16092][Mon Mar 18 07:05:50 2024] Error : -589829(eNOLOGGEDTRANSACTION_RM) in SM_Transaction.c:258
[PID=16092][Mon Mar 18 07:05:50 2024] Error : -589829(eNOLOGGEDTRANSACTION_RM) in SM_ThinLayer.c:761
[PID=16092][Mon Mar 18 07:05:50 2024] Error : -589829(eNOLOGGEDTRANSACTION_RM) in LRDS_Transaction.c:133
[PID=16173][Mon Mar 18 07:06:16 2024] Error : -262150(eNOTFOUND_BFM) in edubfm_Hash.c:192
[PID=16173][Mon Mar 18 07:06:16 2024] Error : -262150(eNOTFOUND_BFM) in edubfm_AllocTrain.c:114
[PID=16173][Mon Mar 18 07:06:16 2024] Error : -262150(eNOTFOUND_BFM) in EduBfM_GetTrain.c:99
[PID=16173][Mon Mar 18 07:06:16 2024] Error : -262150(eNOTFOUND_BFM) in EduBfM_Test.c:116
[PID=16173][Mon Mar 18 07:06:16 2024] Error : -589829(eNOLOGGEDTRANSACTION_RM) in RM_Transaction.c:311
[PID=16173][Mon Mar 18 07:06:16 2024] Error : -589829(eNOLOGGEDTRANSACTION_RM) in SM_Transaction.c:258
[PID=16173][Mon Mar 18 07:06:16 2024] Error : -589829(eNOLOGGEDTRANSACTION_RM) in SM_ThinLayer.c:761
[PID=16173][Mon Mar 18 07:06:16 2024] Error : -589829(eNOLOGGEDTRANSACTION_RM) in LRDS_Transaction.c:133
[PID=16847][Mon Mar 18 07:15:28 2024] Error : -262150(eNOTFOUND_BFM) in edubfm_Hash.c:199
[PID=16847][Mon Mar 18 07:15:28 2024] Error : -262150(eNOTFOUND_BFM) in edubfm_AllocTrain.c:114
[PID=16847][Mon Mar 18 07:15:28 2024] Error : -262150(eNOTFOUND_BFM) in EduBfM_GetTrain.c:99
[PID=16847][Mon Mar 18 07:15:28 2024] Error : -262150(eNOTFOUND_BFM) in EduBfM_Test.c:116
[PID=16847][Mon Mar 18 07:15:28 2024] Error : -589829(eNOLOGGEDTRANSACTION_RM) in RM_Transaction.c:311
[PID=16847][Mon Mar 18 07:15:28 2024] Error : -589829(eNOLOGGEDTRANSACTION_RM) in SM_Transaction.c:258
[PID=16847][Mon Mar 18 07:15:28 2024] Error : -589829(eNOLOGGEDTRANSACTION_RM) in SM_ThinLayer.c:761
[PID=16847][Mon Mar 18 07:15:28 2024] Error : -589829(eNOLOGGEDTRANSACTION_RM) in LRDS_Transaction.c:133
[PID=16924][Mon Mar 18 07:15:40 2024] Error : -262150(eNOTFOUND_BFM) in edubfm_Hash.c:199
[PID=16924][Mon Mar 18 07:15:40 2024] Error : -262150(eNOTFOUND_BFM) in edubfm_AllocTrain.c:114
[PID=16924][Mon Mar 18 07:15:40 2024] Error : -262150(eNOTFOUND_BFM) in EduBfM_GetTrain.c:99
[PID=16924][Mon Mar 18 07:15:40 2024] Error : -262150(eNOTFOUND_BFM) in EduBfM_Test.c:116
[PID=16924][Mon Mar 18 07:15:40 2024] Error : -589829(eNOLOGGEDTRANSACTION_RM) in RM_Transaction.c:311
[PID=16924][Mon Mar 18 07:15:40 2024] Error : -589829(eNOLOGGEDTRANSACTION_RM) in SM_Transaction.c:258
[PID=16924][Mon Mar 18 07:15:40 2024] Error : -589829(eNOLOGGEDTRANSACTION_RM) in SM_ThinLayer.c:761
[PID=16924][Mon Mar 18 07:15:40 2024] Error : -589829(eNOLOGGEDTRANSACTION_RM) in LRDS_Transaction.c:133
[PID=17276][Mon Mar 18 07:18:52 2024] Error : -262150(eNOTFOUND_BFM) in edubfm_Hash.c:172
[PID=17276][Mon Mar 18 07:18:52 2024] Error : -262150(eNOTFOUND_BFM) in edubfm_AllocTrain.c:114
[PID=17276][Mon Mar 18 07:18:52 2024] Error : -262150(eNOTFOUND_BFM) in EduBfM_GetTrain.c:99
[PID=17276][Mon Mar 18 07:18:52 2024] Error : -262150(eNOTFOUND_BFM) in EduBfM_Test.c:116
[PID=17276][Mon Mar 18 07:18:52 2024] Error : -589829(eNOLOGGEDTRANSACTION_RM) in RM_Transaction.c:311
[PID=17276][Mon Mar 18 07:18:52 2024] Error : -589829(eNOLOGGEDTRANSACTION_RM) in SM_Transaction.c:258
[PID=17276][Mon Mar 18 07:18:52 2024] Error : -589829(eNOLOGGEDTRANSACTION_RM) in SM_ThinLayer.c:761
[PID=17276][Mon Mar 18 07:18:52 2024] Error : -589829(eNOLOGGEDTRANSACTION_RM) in LRDS_Transaction.c:133
[PID=19702][Mon Mar 18 21:16:35 2024] Error : -262147(eBADHASHKEY_BFM) in edubfm_AllocTrain.c:119
[PID=19702][Mon Mar 18 21:16:35 2024] Error : -262147(eBADHASHKEY_BFM) in EduBfM_GetTrain.c:99
[PID=19702][Mon Mar 18 21:16:35 2024] Error : -262147(eBADHASHKEY_BFM) in EduBfM_Test.c:116
[PID=19702][Mon Mar 18 21:16:35 2024] Error : -589829(eNOLOGGEDTRANSACTION_RM) in RM_Transaction.c:311
[PID=19702][Mon Mar 18 21:16:35 2024] Error : -589829(eNOLOGGEDTRANSACTION_RM) in SM_Transaction.c:258
[PID=19702][Mon Mar 18 21:16:35 2024] Error : -589829(eNOLOGGEDTRANSACTION_RM) in SM_ThinLayer.c:761
[PID=19702][Mon Mar 18 21:16:35 2024] Error : -589829(eNOLOGGEDTRANSACTION_RM) in LRDS_Transaction.c:133
[PID=19821][Mon Mar 18 21:20:32 2024] Error : -262147(eBADHASHKEY_BFM) in edubfm_AllocTrain.c:119
[PID=19821][Mon Mar 18 21:20:32 2024] Error : -262147(eBADHASHKEY_BFM) in EduBfM_GetTrain.c:99
[PID=19821][Mon Mar 18 21:20:32 2024] Error : -262147(eBADHASHKEY_BFM) in EduBfM_Test.c:116
[PID=19821][Mon Mar 18 21:20:32 2024] Error : -589829(eNOLOGGEDTRANSACTION_RM) in RM_Transaction.c:311
[PID=19821][Mon Mar 18 21:20:32 2024] Error : -589829(eNOLOGGEDTRANSACTION_RM) in SM_Transaction.c:258
[PID=19821][Mon Mar 18 21:20:32 2024] Error : -589829(eNOLOGGEDTRANSACTION_RM) in SM_ThinLayer.c:761
[PID=19821][Mon Mar 18 21:20:32 2024] Error : -589829(eNOLOGGEDTRANSACTION_RM) in LRDS_Transaction.c:133
[PID=19907][Mon Mar 18 21:20:43 2024] Error : -262147(eBADHASHKEY_BFM) in edubfm_AllocTrain.c:119
[PID=19907][Mon Mar 18 21:20:43 2024] Error : -262147(eBADHASHKEY_BFM) in EduBfM_GetTrain.c:99
[PID=19907][Mon Mar 18 21:20:43 2024] Error : -262147(eBADHASHKEY_BFM) in EduBfM_Test.c:116
[PID=19907][Mon Mar 18 21:20:43 2024] Error : -589829(eNOLOGGEDTRANSACTION_RM) in RM_Transaction.c:311
[PID=19907][Mon Mar 18 21:20:43 2024] Error : -589829(eNOLOGGEDTRANSACTION_RM) in SM_Transaction.c:258
[PID=19907][Mon Mar 18 21:20:43 2024] Error : -589829(eNOLOGGEDTRANSACTION_RM) in SM_ThinLayer.c:761
[PID=19907][Mon Mar 18 21:20:43 2024] Error : -589829(eNOLOGGEDTRANSACTION_RM) in LRDS_Transaction.c:133
[PID=20028][Mon Mar 18 21:26:03 2024] Error : -262147(eBADHASHKEY_BFM) in edubfm_AllocTrain.c:132
[PID=20028][Mon Mar 18 21:26:03 2024] Error : -262147(eBADHASHKEY_BFM) in EduBfM_GetTrain.c:99
[PID=20028][Mon Mar 18 21:26:03 2024] Error : -262147(eBADHASHKEY_BFM) in EduBfM_Test.c:116
[PID=20028][Mon Mar 18 21:26:03 2024] Error : -589829(eNOLOGGEDTRANSACTION_RM) in RM_Transaction.c:311
[PID=20028][Mon Mar 18 21:26:03 2024] Error : -589829(eNOLOGGEDTRANSACTION_RM) in SM_Transaction.c:258
[PID=20028][Mon Mar 18 21:26:03 2024] Error : -589829(eNOLOGGEDTRANSACTION_RM) in SM_ThinLayer.c:761
[PID=20028][Mon Mar 18 21:26:03 2024] Error : -589829(eNOLOGGEDTRANSACTION_RM) in LRDS_Transaction.c:133
[PID=20136][Mon Mar 18 21:26:21 2024] Error : -262147(eBADHASHKEY_BFM) in edubfm_AllocTrain.c:132
[PID=20136][Mon Mar 18 21:26:21 2024] Error : -262147(eBADHASHKEY_BFM) in EduBfM_GetTrain.c:99
[PID=20136][Mon Mar 18 21:26:21 2024] Error : -262147(eBADHASHKEY_BFM) in EduBfM_Test.c:116
[PID=20136][Mon Mar 18 21:26:21 2024] Error : -589829(eNOLOGGEDTRANSACTION_RM) in RM_Transaction.c:311
[PID=20136][Mon Mar 18 21:26:21 2024] Error : -589829(eNOLOGGEDTRANSACTION_RM) in SM_Transaction.c:258
[PID=20136][Mon Mar 18 21:26:21 2024] Error : -589829(eNOLOGGEDTRANSACTION_RM) in SM_ThinLayer.c:761
[PID=20136][Mon Mar 18 21:26:21 2024] Error : -589829(eNOLOGGEDTRANSACTION_RM) in LRDS_Transaction.c:133
[PID=20233][Mon Mar 18 21:26:48 2024] Error : -262147(eBADHASHKEY_BFM) in edubfm_AllocTrain.c:132
[PID=20233][Mon Mar 18 21:26:48 2024] Error : -262147(eBADHASHKEY_BFM) in EduBfM_GetTrain.c:99
[PID=20233][Mon Mar 18 21:26:48 2024] Error : -262147(eBADHASHKEY_BFM) in EduBfM_Test.c:116
[PID=20233][Mon Mar 18 21:26:48 2024] Error : -589829(eNOLOGGEDTRANSACTION_RM) in RM_Transaction.c:311
[PID=20233][Mon Mar 18 21:26:48 2024] Error : -589829(eNOLOGGEDTRANSACTION_RM) in SM_Transaction.c:258
[PID=20233][Mon Mar 18 21:26:48 2024] Error : -589829(eNOLOGGEDTRANSACTION_RM) in SM_ThinLayer.c:761
[PID=20233][Mon Mar 18 21:26:48 2024] Error : -589829(eNOLOGGEDTRANSACTION_RM) in LRDS_Transaction.c:133
[PID=20387][Mon Mar 18 21:31:22 2024] Error : -262147(eBADHASHKEY_BFM) in edubfm_AllocTrain.c:133
[PID=20387][Mon Mar 18 21:31:22 2024] Error : -262147(eBADHASHKEY_BFM) in EduBfM_GetTrain.c:99
[PID=20387][Mon Mar 18 21:31:22 2024] Error : -262147(eBADHASHKEY_BFM) in EduBfM_Test.c:116
[PID=20387][Mon Mar 18 21:31:22 2024] Error : -589829(eNOLOGGEDTRANSACTION_RM) in RM_Transaction.c:311
[PID=20387][Mon Mar 18 21:31:22 2024] Error : -589829(eNOLOGGEDTRANSACTION_RM) in SM_Transaction.c:258
[PID=20387][Mon Mar 18 21:31:22 2024] Error : -589829(eNOLOGGEDTRANSACTION_RM) in SM_ThinLayer.c:761
[PID=20387][Mon Mar 18 21:31:22 2024] Error : -589829(eNOLOGGEDTRANSACTION_RM) in LRDS_Transaction.c:133
[PID=20492][Mon Mar 18 21:33:06 2024] Error : -262147(eBADHASHKEY_BFM) in edubfm_AllocTrain.c:133
[PID=20492][Mon Mar 18 21:33:06 2024] Error : -262147(eBADHASHKEY_BFM) in EduBfM_GetTrain.c:99
[PID=20492][Mon Mar 18 21:33:06 2024] Error : -262147(eBADHASHKEY_BFM) in EduBfM_Test.c:116
[PID=20492][Mon Mar 18 21:33:06 2024] Error : -589829(eNOLOGGEDTRANSACTION_RM) in RM_Transaction.c:311
[PID=20492][Mon Mar 18 21:33:06 2024] Error : -589829(eNOLOGGEDTRANSACTION_RM) in SM_Transaction.c:258
[PID=20492][Mon Mar 18 21:33:06 2024] Error : -589829(eNOLOGGEDTRANSACTION_RM) in SM_ThinLayer.c:761
[PID=20492][Mon Mar 18 21:33:06 2024] Error : -589829(eNOLOGGEDTRANSACTION_RM) in LRDS_Transaction.c:133
[PID=20605][Mon Mar 18 21:34:23 2024] Error : -262151(eNOUNFIXEDBUF_BFM) in edubfm_AllocTrain.c:107
[PID=20605][Mon Mar 18 21:34:23 2024] Error : -262151(eNOUNFIXEDBUF_BFM) in EduBfM_GetTrain.c:99
[PID=20605][Mon Mar 18 21:34:23 2024] Error : -262151(eNOUNFIXEDBUF_BFM) in EduBfM_Test.c:116
[PID=20605][Mon Mar 18 21:34:23 2024] Error : -589829(eNOLOGGEDTRANSACTION_RM) in RM_Transaction.c:311
[PID=20605][Mon Mar 18 21:34:23 2024] Error : -589829(eNOLOGGEDTRANSACTION_RM) in SM_Transaction.c:258
[PID=20605][Mon Mar 18 21:34:23 2024] Error : -589829(eNOLOGGEDTRANSACTION_RM) in SM_ThinLayer.c:761
[PID=20605][Mon Mar 18 21:34:23 2024] Error : -589829(eNOLOGGEDTRANSACTION_RM) in LRDS_Transaction.c:133
[PID=20705][Mon Mar 18 21:35:26 2024] Error : -262151(eNOUNFIXEDBUF_BFM) in edubfm_AllocTrain.c:104
[PID=20705][Mon Mar 18 21:35:26 2024] Error : -262151(eNOUNFIXEDBUF_BFM) in EduBfM_GetTrain.c:99
[PID=20705][Mon Mar 18 21:35:26 2024] Error : -262151(eNOUNFIXEDBUF_BFM) in EduBfM_Test.c:116
[PID=20705][Mon Mar 18 21:35:26 2024] Error : -589829(eNOLOGGEDTRANSACTION_RM) in RM_Transaction.c:311
[PID=20705][Mon Mar 18 21:35:26 2024] Error : -589829(eNOLOGGEDTRANSACTION_RM) in SM_Transaction.c:258
[PID=20705][Mon Mar 18 21:35:26 2024] Error : -589829(eNOLOGGEDTRANSACTION_RM) in SM_ThinLayer.c:761
[PID=20705][Mon Mar 18 21:35:26 2024] Error : -589829(eNOLOGGEDTRANSACTION_RM) in LRDS_Transaction.c:133
[PID=20796][Mon Mar 18 21:36:16 2024] Error : -262147(eBADHASHKEY_BFM) in edubfm_AllocTrain.c:129
[PID=20796][Mon Mar 18 21:36:16 2024] Error : -262147(eBADHASHKEY_BFM) in EduBfM_GetTrain.c:99
[PID=20796][Mon Mar 18 21:36:16 2024] Error : -262147(eBADHASHKEY_BFM) in EduBfM_Test.c:116
[PID=20796][Mon Mar 18 21:36:16 2024] Error : -589829(eNOLOGGEDTRANSACTION_RM) in RM_Transaction.c:311
[PID=20796][Mon Mar 18 21:36:16 2024] Error : -589829(eNOLOGGEDTRANSACTION_RM) in SM_Transaction.c:258
[PID=20796][Mon Mar 18 21:36:16 2024] Error : -589829(eNOLOGGEDTRANSACTION_RM) in SM_ThinLayer.c:761
[PID=20796][Mon Mar 18 21:36:16 2024] Error : -589829(eNOLOGGEDTRANSACTION_RM) in LRDS_Transaction.c:133
[PID=20885][Mon Mar 18 21:36:39 2024] Error : -262147(eBADHASHKEY_BFM) in edubfm_AllocTrain.c:129
[PID=20885][Mon Mar 18 21:36:39 2024] Error : -262147(eBADHASHKEY_BFM) in EduBfM_GetTrain.c:99
[PID=20885][Mon Mar 18 21:36:39 2024] Error : -262147(eBADHASHKEY_BFM) in EduBfM_Test.c:116
[PID=20885][Mon Mar 18 21:36:39 2024] Error : -589829(eNOLOGGEDTRANSACTION_RM) in RM_Transaction.c:311
[PID=20885][Mon Mar 18 21:36:39 2024] Error : -589829(eNOLOGGEDTRANSACTION_RM) in SM_Transaction.c:258
[PID=20885][Mon Mar 18 21:36:39 2024] Error : -589829(eNOLOGGEDTRANSACTION_RM) in SM_ThinLayer.c:761
[PID=20885][Mon Mar 18 21:36:39 2024] Error : -589829(eNOLOGGEDTRANSACTION_RM) in LRDS_Transaction.c:133
[PID=20977][Mon Mar 18 21:39:25 2024] Error : -262147(eBADHASHKEY_BFM) in edubfm_AllocTrain.c:133
[PID=20977][Mon Mar 18 21:39:25 2024] Error : -262147(eBADHASHKEY_BFM) in EduBfM_GetTrain.c:99
[PID=20977][Mon Mar 18 21:39:25 2024] Error : -262147(eBADHASHKEY_BFM) in EduBfM_Test.c:116
[PID=20977][Mon Mar 18 21:39:25 2024] Error : -589829(eNOLOGGEDTRANSACTION_RM) in RM_Transaction.c:311
[PID=20977][Mon Mar 18 21:39:25 2024] Error : -589829(eNOLOGGEDTRANSACTION_RM) in SM_Transaction.c:258
[PID=20977][Mon Mar 18 21:39:25 2024] Error : -589829(eNOLOGGEDTRANSACTION_RM) in SM_ThinLayer.c:761
[PID=20977][Mon Mar 18 21:39:25 2024] Error : -589829(eNOLOGGEDTRANSACTION_RM) in LRDS_Transaction.c:133
[PID=21087][Mon Mar 18 21:40:41 2024] Error : -262147(eBADHASHKEY_BFM) in edubfm_AllocTrain.c:130
[PID=21087][Mon Mar 18 21:40:41 2024] Error : -262147(eBADHASHKEY_BFM) in EduBfM_GetTrain.c:99
[PID=21087][Mon Mar 18 21:40:41 2024] Error : -262147(eBADHASHKEY_BFM) in EduBfM_Test.c:116
[PID=21087][Mon Mar 18 21:40:41 2024] Error : -589829(eNOLOGGEDTRANSACTION_RM) in RM_Transaction.c:311
[PID=21087][Mon Mar 18 21:40:41 2024] Error : -589829(eNOLOGGEDTRANSACTION_RM) in SM_Transaction.c:258
[PID=21087][Mon Mar 18 21:40:41 2024] Error : -589829(eNOLOGGEDTRANSACTION_RM) in SM_ThinLayer.c:761
[PID=21087][Mon Mar 18 21:40:41 2024] Error : -589829(eNOLOGGEDTRANSACTION_RM) in LRDS_Transaction.c:133
[PID=21226][Mon Mar 18 21:43:43 2024] Error : -262147(eBADHASHKEY_BFM) in edubfm_AllocTrain.c:130
[PID=21226][Mon Mar 18 21:43:43 2024] Error : -262147(eBADHASHKEY_BFM) in EduBfM_GetTrain.c:99
[PID=21226][Mon Mar 18 21:43:43 2024] Error : -262147(eBADHASHKEY_BFM) in EduBfM_Test.c:116
[PID=21226][Mon Mar 18 21:43:43 2024] Error : -589829(eNOLOGGEDTRANSACTION_RM) in RM_Transaction.c:311
[PID=21226][Mon Mar 18 21:43:43 2024] Error : -589829(eNOLOGGEDTRANSACTION_RM) in SM_Transaction.c:258
[PID=21226][Mon Mar 18 21:43:43 2024] Error : -589829(eNOLOGGEDTRANSACTION_RM) in SM_ThinLayer.c:761
[PID=21226][Mon Mar 18 21:43:43 2024] Error : -589829(eNOLOGGEDTRANSACTION_RM) in LRDS_Transaction.c:133
[PID=21226][Mon Mar 18 21:43:43 2024] Error : -524288(eBADPARAMETER_SM) in SM_CloseScan.c:65
[PID=21226][Mon Mar 18 21:43:43 2024] Error : -524288(eBADPARAMETER_SM) in LRDS_CloseScan.c:102
[PID=21226][Mon Mar 18 21:43:43 2024] Error : -524288(eBADPARAMETER_SM) in LRDS_Transaction.c:90
[PID=21226][Mon Mar 18 21:43:43 2024] Error : -65539(eBADVOLUMEID) in LRDS_Dismount.c:73
[PID=21321][Mon Mar 18 21:44:07 2024] Error : -262147(eBADHASHKEY_BFM) in edubfm_AllocTrain.c:131
[PID=21321][Mon Mar 18 21:44:07 2024] Error : -262147(eBADHASHKEY_BFM) in EduBfM_GetTrain.c:99
[PID=21321][Mon Mar 18 21:44:07 2024] Error : -262147(eBADHASHKEY_BFM) in EduBfM_Test.c:116
[PID=21321][Mon Mar 18 21:44:07 2024] Error : -589829(eNOLOGGEDTRANSACTION_RM) in RM_Transaction.c:311
[PID=21321][Mon Mar 18 21:44:07 2024] Error : -589829(eNOLOGGEDTRANSACTION_RM) in SM_Transaction.c:258
[PID=21321][Mon Mar 18 21:44:07 2024] Error : -589829(eNOLOGGEDTRANSACTION_RM) in SM_ThinLayer.c:761
[PID=21321][Mon Mar 18 21:44:07 2024] Error : -589829(eNOLOGGEDTRANSACTION_RM) in LRDS_Transaction.c:133
[PID=21418][Mon Mar 18 21:44:48 2024] Error : -262147(eBADHASHKEY_BFM) in edubfm_AllocTrain.c:136
[PID=21418][Mon Mar 18 21:44:48 2024] Error : -262147(eBADHASHKEY_BFM) in EduBfM_GetTrain.c:99
[PID=21418][Mon Mar 18 21:44:48 2024] Error : -262147(eBADHASHKEY_BFM) in EduBfM_Test.c:116
[PID=21418][Mon Mar 18 21:44:48 2024] Error : -589829(eNOLOGGEDTRANSACTION_RM) in RM_Transaction.c:311
[PID=21418][Mon Mar 18 21:44:48 2024] Error : -589829(eNOLOGGEDTRANSACTION_RM) in SM_Transaction.c:258
[PID=21418][Mon Mar 18 21:44:48 2024] Error : -589829(eNOLOGGEDTRANSACTION_RM) in SM_ThinLayer.c:761
[PID=21418][Mon Mar 18 21:44:48 2024] Error : -589829(eNOLOGGEDTRANSACTION_RM) in LRDS_Transaction.c:133
[PID=21503][Mon Mar 18 21:45:37 2024] Error : -262147(eBADHASHKEY_BFM) in edubfm_AllocTrain.c:136
[PID=21503][Mon Mar 18 21:45:37 2024] Error : -262147(eBADHASHKEY_BFM) in EduBfM_GetTrain.c:99
[PID=21503][Mon Mar 18 21:45:37 2024] Error : -262147(eBADHASHKEY_BFM) in EduBfM_Test.c:116
[PID=21503][Mon Mar 18 21:45:37 2024] Error : -589829(eNOLOGGEDTRANSACTION_RM) in RM_Transaction.c:311
[PID=21503][Mon Mar 18 21:45:37 2024] Error : -589829(eNOLOGGEDTRANSACTION_RM) in SM_Transaction.c:258
[PID=21503][Mon Mar 18 21:45:37 2024] Error : -589829(eNOLOGGEDTRANSACTION_RM) in SM_ThinLayer.c:761
[PID=21503][Mon Mar 18 21:45:37 2024] Error : -589829(eNOLOGGEDTRANSACTION_RM) in LRDS_Transaction.c:133
[PID=21932][Mon Mar 18 21:52:16 2024] Error : -262147(eBADHASHKEY_BFM) in edubfm_AllocTrain.c:136
[PID=21932][Mon Mar 18 21:52:16 2024] Error : -262147(eBADHASHKEY_BFM) in EduBfM_GetTrain.c:99
[PID=21932][Mon Mar 18 21:52:16 2024] Error : -262147(eBADHASHKEY_BFM) in EduBfM_Test.c:116
[PID=21932][Mon Mar 18 21:52:16 2024] Error : -589829(eNOLOGGEDTRANSACTION_RM) in RM_Transaction.c:311
[PID=21932][Mon Mar 18 21:52:16 2024] Error : -589829(eNOLOGGEDTRANSACTION_RM) in SM_Transaction.c:258
[PID=21932][Mon Mar 18 21:52:16 2024] Error : -589829(eNOLOGGEDTRANSACTION_RM) in SM_ThinLayer.c:761
[PID=21932][Mon Mar 18 21:52:16 2024] Error : -589829(eNOLOGGEDTRANSACTION_RM) in LRDS_Transaction.c:133
[PID=22017][Mon Mar 18 21:52:27 2024] Error : -262147(eBADHASHKEY_BFM) in edubfm_AllocTrain.c:136
[PID=22017][Mon Mar 18 21:52:27 2024] Error : -262147(eBADHASHKEY_BFM) in EduBfM_GetTrain.c:99
[PID=22017][Mon Mar 18 21:52:27 2024] Error : -262147(eBADHASHKEY_BFM) in EduBfM_Test.c:116
[PID=22017][Mon Mar 18 21:52:27 2024] Error : -589829(eNOLOGGEDTRANSACTION_RM) in RM_Transaction.c:311
[PID=22017][Mon Mar 18 21:52:27 2024] Error : -589829(eNOLOGGEDTRANSACTION_RM) in SM_Transaction.c:258
[PID=22017][Mon Mar 18 21:52:27 2024] Error : -589829(eNOLOGGEDTRANSACTION_RM) in SM_ThinLayer.c:761
[PID=22017][Mon Mar 18 21:52:27 2024] Error : -589829(eNOLOGGEDTRANSACTION_RM) in LRDS_Transaction.c:133
[PID=22212][Mon Mar 18 21:53:22 2024] Error : -262147(eBADHASHKEY_BFM) in edubfm_AllocTrain.c:136
[PID=22212][Mon Mar 18 21:53:22 2024] Error : -262147(eBADHASHKEY_BFM) in EduBfM_GetTrain.c:99
[PID=22212][Mon Mar 18 21:53:22 2024] Error : -262147(eBADHASHKEY_BFM) in EduBfM_Test.c:116
[PID=22212][Mon Mar 18 21:53:22 2024] Error : -589829(eNOLOGGEDTRANSACTION_RM) in RM_Transaction.c:311
[PID=22212][Mon Mar 18 21:53:22 2024] Error : -589829(eNOLOGGEDTRANSACTION_RM) in SM_Transaction.c:258
[PID=22212][Mon Mar 18 21:53:22 2024] Error : -589829(eNOLOGGEDTRANSACTION_RM) in SM_ThinLayer.c:761
[PID=22212][Mon Mar 18 21:53:22 2024] Error : -589829(eNOLOGGEDTRANSACTION_RM) in LRDS_Transaction.c:133
[PID=22493][Mon Mar 18 21:54:38 2024] Error : -262147(eBADHASHKEY_BFM) in edubfm_AllocTrain.c:136
[PID=22493][Mon Mar 18 21:54:38 2024] Error : -262147(eBADHASHKEY_BFM) in EduBfM_GetTrain.c:99
[PID=22493][Mon Mar 18 21:54:38 2024] Error : -262147(eBADHASHKEY_BFM) in EduBfM_Test.c:116
[PID=22493][Mon Mar 18 21:54:38 2024] Error : -589829(eNOLOGGEDTRANSACTION_RM) in RM_Transaction.c:311
[PID=22493][Mon Mar 18 21:54:38 2024] Error : -589829(eNOLOGGEDTRANSACTION_RM) in SM_Transaction.c:258
[PID=22493][Mon Mar 18 21:54:38 2024] Error : -589829(eNOLOGGEDTRANSACTION_RM) in SM_ThinLayer.c:761
[PID=22493][Mon Mar 18 21:54:38 2024] Error : -589829(eNOLOGGEDTRANSACTION_RM) in LRDS_Transaction.c:133
[PID=23269][Mon Mar 18 22:02:16 2024] Error : -262147(eBADHASHKEY_BFM) in edubfm_AllocTrain.c:131
[PID=23269][Mon Mar 18 22:02:16 2024] Error : -262147(eBADHASHKEY_BFM) in EduBfM_GetTrain.c:99
[PID=23269][Mon Mar 18 22:02:16 2024] Error : -262147(eBADHASHKEY_BFM) in EduBfM_Test.c:116
[PID=23269][Mon Mar 18 22:02:16 2024] Error : -589829(eNOLOGGEDTRANSACTION_RM) in RM_Transaction.c:311
[PID=23269][Mon Mar 18 22:02:16 2024] Error : -589829(eNOLOGGEDTRANSACTION_RM) in SM_Transaction.c:258
[PID=23269][Mon Mar 18 22:02:16 2024] Error : -589829(eNOLOGGEDTRANSACTION_RM) in SM_ThinLayer.c:761
[PID=23269][Mon Mar 18 22:02:16 2024] Error : -589829(eNOLOGGEDTRANSACTION_RM) in LRDS_Transaction.c:133
