[PID=30035][Tue Mar 28 22:43:13 2017] Error : -196608(eVOLNOTMOUNTED_RDSM) in RDsM_ReadTrain.c:90
[PID=30035][Tue Mar 28 22:43:13 2017] Error : -196608(eVOLNOTMOUNTED_RDSM) in bfm_ReadTrain.c:90
[PID=30035][Tue Mar 28 22:43:13 2017] Error : -196608(eVOLNOTMOUNTED_RDSM) in BfM_GetTrain.c:113
[PID=30035][Tue Mar 28 22:43:13 2017] Error : -196608(eVOLNOTMOUNTED_RDSM) in EduOM_Test.c:562
[PID=30035][Tue Mar 28 22:43:14 2017] Error : -196608(eVOLNOTMOUNTED_RDSM) in RDsM_ReadTrain.c:90
[PID=30035][Tue Mar 28 22:43:14 2017] Error : -196608(eVOLNOTMOUNTED_RDSM) in bfm_ReadTrain.c:90
[PID=30035][Tue Mar 28 22:43:14 2017] Error : -196608(eVOLNOTMOUNTED_RDSM) in BfM_GetTrain.c:113
[PID=30035][Tue Mar 28 22:43:14 2017] Error : -196608(eVOLNOTMOUNTED_RDSM) in EduOM_Test.c:562
[PID=30035][Tue Mar 28 22:43:14 2017] Error : -196608(eVOLNOTMOUNTED_RDSM) in RDsM_ReadTrain.c:90
[PID=30035][Tue Mar 28 22:43:14 2017] Error : -196608(eVOLNOTMOUNTED_RDSM) in bfm_ReadTrain.c:90
[PID=30035][Tue Mar 28 22:43:14 2017] Error : -196608(eVOLNOTMOUNTED_RDSM) in BfM_GetTrain.c:113
[PID=30035][Tue Mar 28 22:43:14 2017] Error : -196608(eVOLNOTMOUNTED_RDSM) in EduOM_Test.c:618
[PID=30035][Tue Mar 28 22:43:14 2017] Error : -196608(eVOLNOTMOUNTED_RDSM) in RDsM_ReadTrain.c:90
[PID=30035][Tue Mar 28 22:43:14 2017] Error : -196608(eVOLNOTMOUNTED_RDSM) in bfm_ReadTrain.c:90
[PID=30035][Tue Mar 28 22:43:14 2017] Error : -196608(eVOLNOTMOUNTED_RDSM) in BfM_GetTrain.c:113
[PID=30035][Tue Mar 28 22:43:14 2017] Error : -196608(eVOLNOTMOUNTED_RDSM) in EduOM_Test.c:562
[PID=30035][Tue Mar 28 22:43:14 2017] Error : -196608(eVOLNOTMOUNTED_RDSM) in RDsM_ReadTrain.c:90
[PID=30035][Tue Mar 28 22:43:14 2017] Error : -196608(eVOLNOTMOUNTED_RDSM) in bfm_ReadTrain.c:90
[PID=30035][Tue Mar 28 22:43:14 2017] Error : -196608(eVOLNOTMOUNTED_RDSM) in BfM_GetTrain.c:113
[PID=30035][Tue Mar 28 22:43:14 2017] Error : -196608(eVOLNOTMOUNTED_RDSM) in EduOM_Test.c:562
[PID=30035][Tue Mar 28 22:43:14 2017] Error : -196608(eVOLNOTMOUNTED_RDSM) in RDsM_ReadTrain.c:90
[PID=30035][Tue Mar 28 22:43:14 2017] Error : -196608(eVOLNOTMOUNTED_RDSM) in bfm_ReadTrain.c:90
[PID=30035][Tue Mar 28 22:43:14 2017] Error : -196608(eVOLNOTMOUNTED_RDSM) in BfM_GetTrain.c:113
[PID=30035][Tue Mar 28 22:43:14 2017] Error : -196608(eVOLNOTMOUNTED_RDSM) in EduOM_Test.c:562
[PID=30035][Tue Mar 28 22:43:15 2017] Error : -196608(eVOLNOTMOUNTED_RDSM) in RDsM_ReadTrain.c:90
[PID=30035][Tue Mar 28 22:43:15 2017] Error : -196608(eVOLNOTMOUNTED_RDSM) in bfm_ReadTrain.c:90
[PID=30035][Tue Mar 28 22:43:15 2017] Error : -196608(eVOLNOTMOUNTED_RDSM) in BfM_GetTrain.c:113
[PID=30035][Tue Mar 28 22:43:15 2017] Error : -196608(eVOLNOTMOUNTED_RDSM) in EduOM_Test.c:665
[PID=30035][Tue Mar 28 22:43:15 2017] Error : -196608(eVOLNOTMOUNTED_RDSM) in RDsM_ReadTrain.c:90
[PID=30035][Tue Mar 28 22:43:15 2017] Error : -196608(eVOLNOTMOUNTED_RDSM) in bfm_ReadTrain.c:90
[PID=30035][Tue Mar 28 22:43:15 2017] Error : -196608(eVOLNOTMOUNTED_RDSM) in BfM_GetTrain.c:113
[PID=30035][Tue Mar 28 22:43:15 2017] Error : -196608(eVOLNOTMOUNTED_RDSM) in EduOM_Test.c:562
[PID=30035][Tue Mar 28 22:43:15 2017] Error : -1(Unix error code) in EduOM_Test.c:272
[PID=30035][Tue Mar 28 22:43:15 2017] Error : -589829(eNOLOGGEDTRANSACTION_RM) in RM_Transaction.c:311
[PID=30035][Tue Mar 28 22:43:15 2017] Error : -589829(eNOLOGGEDTRANSACTION_RM) in SM_Transaction.c:258
[PID=30035][Tue Mar 28 22:43:15 2017] Error : -589829(eNOLOGGEDTRANSACTION_RM) in SM_ThinLayer.c:761
[PID=30035][Tue Mar 28 22:43:15 2017] Error : -589829(eNOLOGGEDTRANSACTION_RM) in LRDS_Transaction.c:133
[PID=30035][Tue Mar 28 22:43:15 2017] Error : -65538(eBADPARAMETER) in Util_heap.c:298
[PID=30035][Tue Mar 28 22:43:15 2017] Error : -65538(eBADPARAMETER) in LRDS_CloseScan.c:107
[PID=30035][Tue Mar 28 22:43:15 2017] Error : -65538(eBADPARAMETER) in LRDS_Transaction.c:90
[PID=30035][Tue Mar 28 22:43:15 2017] Error : -65539(eBADVOLUMEID) in LRDS_Dismount.c:73
[PID=68199][Tue Mar  1 15:22:31 2022] Error : -196608(eVOLNOTMOUNTED_RDSM) in RDsM_ReadTrain.c:90
[PID=68199][Tue Mar  1 15:22:31 2022] Error : -196608(eVOLNOTMOUNTED_RDSM) in bfm_ReadTrain.c:90
[PID=68199][Tue Mar  1 15:22:31 2022] Error : -196608(eVOLNOTMOUNTED_RDSM) in BfM_GetTrain.c:113
[PID=68199][Tue Mar  1 15:22:31 2022] Error : -196608(eVOLNOTMOUNTED_RDSM) in EduOM_Test.c:533
[PID=68199][Tue Mar  1 15:22:31 2022] Error : -196608(eVOLNOTMOUNTED_RDSM) in RDsM_ReadTrain.c:90
[PID=68199][Tue Mar  1 15:22:31 2022] Error : -196608(eVOLNOTMOUNTED_RDSM) in bfm_ReadTrain.c:90
[PID=68199][Tue Mar  1 15:22:31 2022] Error : -196608(eVOLNOTMOUNTED_RDSM) in BfM_GetTrain.c:113
[PID=68199][Tue Mar  1 15:22:31 2022] Error : -196608(eVOLNOTMOUNTED_RDSM) in EduOM_Test.c:533
[PID=68199][Tue Mar  1 15:22:31 2022] Error : -196608(eVOLNOTMOUNTED_RDSM) in RDsM_ReadTrain.c:90
[PID=68199][Tue Mar  1 15:22:31 2022] Error : -196608(eVOLNOTMOUNTED_RDSM) in bfm_ReadTrain.c:90
[PID=68199][Tue Mar  1 15:22:31 2022] Error : -196608(eVOLNOTMOUNTED_RDSM) in BfM_GetTrain.c:113
[PID=68199][Tue Mar  1 15:22:31 2022] Error : -196608(eVOLNOTMOUNTED_RDSM) in EduOM_Test.c:589
[PID=68199][Tue Mar  1 15:22:31 2022] Error : -196608(eVOLNOTMOUNTED_RDSM) in RDsM_ReadTrain.c:90
[PID=68199][Tue Mar  1 15:22:31 2022] Error : -196608(eVOLNOTMOUNTED_RDSM) in bfm_ReadTrain.c:90
[PID=68199][Tue Mar  1 15:22:31 2022] Error : -196608(eVOLNOTMOUNTED_RDSM) in BfM_GetTrain.c:113
[PID=68199][Tue Mar  1 15:22:31 2022] Error : -196608(eVOLNOTMOUNTED_RDSM) in EduOM_Test.c:533
[PID=68199][Tue Mar  1 15:22:31 2022] Error : -196608(eVOLNOTMOUNTED_RDSM) in RDsM_ReadTrain.c:90
[PID=68199][Tue Mar  1 15:22:31 2022] Error : -196608(eVOLNOTMOUNTED_RDSM) in bfm_ReadTrain.c:90
[PID=68199][Tue Mar  1 15:22:31 2022] Error : -196608(eVOLNOTMOUNTED_RDSM) in BfM_GetTrain.c:113
[PID=68199][Tue Mar  1 15:22:31 2022] Error : -196608(eVOLNOTMOUNTED_RDSM) in EduOM_Test.c:533
[PID=68199][Tue Mar  1 15:22:31 2022] Error : -196608(eVOLNOTMOUNTED_RDSM) in RDsM_ReadTrain.c:90
[PID=68199][Tue Mar  1 15:22:31 2022] Error : -196608(eVOLNOTMOUNTED_RDSM) in bfm_ReadTrain.c:90
[PID=68199][Tue Mar  1 15:22:31 2022] Error : -196608(eVOLNOTMOUNTED_RDSM) in BfM_GetTrain.c:113
[PID=68199][Tue Mar  1 15:22:31 2022] Error : -196608(eVOLNOTMOUNTED_RDSM) in EduOM_Test.c:533
[PID=68199][Tue Mar  1 15:22:31 2022] Error : -196608(eVOLNOTMOUNTED_RDSM) in RDsM_ReadTrain.c:90
[PID=68199][Tue Mar  1 15:22:31 2022] Error : -196608(eVOLNOTMOUNTED_RDSM) in bfm_ReadTrain.c:90
[PID=68199][Tue Mar  1 15:22:31 2022] Error : -196608(eVOLNOTMOUNTED_RDSM) in BfM_GetTrain.c:113
[PID=68199][Tue Mar  1 15:22:31 2022] Error : -196608(eVOLNOTMOUNTED_RDSM) in EduOM_Test.c:634
[PID=68199][Tue Mar  1 15:22:31 2022] Error : -196608(eVOLNOTMOUNTED_RDSM) in RDsM_ReadTrain.c:90
[PID=68199][Tue Mar  1 15:22:31 2022] Error : -196608(eVOLNOTMOUNTED_RDSM) in bfm_ReadTrain.c:90
[PID=68199][Tue Mar  1 15:22:31 2022] Error : -196608(eVOLNOTMOUNTED_RDSM) in BfM_GetTrain.c:113
[PID=68199][Tue Mar  1 15:22:31 2022] Error : -196608(eVOLNOTMOUNTED_RDSM) in EduOM_Test.c:533
[PID=68199][Tue Mar  1 15:22:31 2022] Error : -1(Unix error code) in EduOM_Test.c:262
[PID=68199][Tue Mar  1 15:22:31 2022] Error : -589829(eNOLOGGEDTRANSACTION_RM) in RM_Transaction.c:311
[PID=68199][Tue Mar  1 15:22:31 2022] Error : -589829(eNOLOGGEDTRANSACTION_RM) in SM_Transaction.c:258
[PID=68199][Tue Mar  1 15:22:31 2022] Error : -589829(eNOLOGGEDTRANSACTION_RM) in SM_ThinLayer.c:761
[PID=68199][Tue Mar  1 15:22:31 2022] Error : -589829(eNOLOGGEDTRANSACTION_RM) in LRDS_Transaction.c:133
[PID=68357][Tue Mar  1 15:22:42 2022] Error : -196608(eVOLNOTMOUNTED_RDSM) in RDsM_ReadTrain.c:90
[PID=68357][Tue Mar  1 15:22:42 2022] Error : -196608(eVOLNOTMOUNTED_RDSM) in bfm_ReadTrain.c:90
[PID=68357][Tue Mar  1 15:22:42 2022] Error : -196608(eVOLNOTMOUNTED_RDSM) in BfM_GetTrain.c:113
[PID=68357][Tue Mar  1 15:22:42 2022] Error : -196608(eVOLNOTMOUNTED_RDSM) in EduOM_Test.c:533
[PID=68357][Tue Mar  1 15:22:42 2022] Error : -196608(eVOLNOTMOUNTED_RDSM) in RDsM_ReadTrain.c:90
[PID=68357][Tue Mar  1 15:22:42 2022] Error : -196608(eVOLNOTMOUNTED_RDSM) in bfm_ReadTrain.c:90
[PID=68357][Tue Mar  1 15:22:42 2022] Error : -196608(eVOLNOTMOUNTED_RDSM) in BfM_GetTrain.c:113
[PID=68357][Tue Mar  1 15:22:42 2022] Error : -196608(eVOLNOTMOUNTED_RDSM) in EduOM_Test.c:533
[PID=68357][Tue Mar  1 15:22:42 2022] Error : -196608(eVOLNOTMOUNTED_RDSM) in RDsM_ReadTrain.c:90
[PID=68357][Tue Mar  1 15:22:42 2022] Error : -196608(eVOLNOTMOUNTED_RDSM) in bfm_ReadTrain.c:90
[PID=68357][Tue Mar  1 15:22:42 2022] Error : -196608(eVOLNOTMOUNTED_RDSM) in BfM_GetTrain.c:113
[PID=68357][Tue Mar  1 15:22:42 2022] Error : -196608(eVOLNOTMOUNTED_RDSM) in EduOM_Test.c:589
[PID=68357][Tue Mar  1 15:22:42 2022] Error : -196608(eVOLNOTMOUNTED_RDSM) in RDsM_ReadTrain.c:90
[PID=68357][Tue Mar  1 15:22:42 2022] Error : -196608(eVOLNOTMOUNTED_RDSM) in bfm_ReadTrain.c:90
[PID=68357][Tue Mar  1 15:22:42 2022] Error : -196608(eVOLNOTMOUNTED_RDSM) in BfM_GetTrain.c:113
[PID=68357][Tue Mar  1 15:22:42 2022] Error : -196608(eVOLNOTMOUNTED_RDSM) in EduOM_Test.c:533
[PID=68357][Tue Mar  1 15:22:42 2022] Error : -196608(eVOLNOTMOUNTED_RDSM) in RDsM_ReadTrain.c:90
[PID=68357][Tue Mar  1 15:22:42 2022] Error : -196608(eVOLNOTMOUNTED_RDSM) in bfm_ReadTrain.c:90
[PID=68357][Tue Mar  1 15:22:42 2022] Error : -196608(eVOLNOTMOUNTED_RDSM) in BfM_GetTrain.c:113
[PID=68357][Tue Mar  1 15:22:42 2022] Error : -196608(eVOLNOTMOUNTED_RDSM) in EduOM_Test.c:533
[PID=68357][Tue Mar  1 15:22:42 2022] Error : -196608(eVOLNOTMOUNTED_RDSM) in RDsM_ReadTrain.c:90
[PID=68357][Tue Mar  1 15:22:42 2022] Error : -196608(eVOLNOTMOUNTED_RDSM) in bfm_ReadTrain.c:90
[PID=68357][Tue Mar  1 15:22:42 2022] Error : -196608(eVOLNOTMOUNTED_RDSM) in BfM_GetTrain.c:113
[PID=68357][Tue Mar  1 15:22:42 2022] Error : -196608(eVOLNOTMOUNTED_RDSM) in EduOM_Test.c:533
[PID=68357][Tue Mar  1 15:22:42 2022] Error : -196608(eVOLNOTMOUNTED_RDSM) in RDsM_ReadTrain.c:90
[PID=68357][Tue Mar  1 15:22:42 2022] Error : -196608(eVOLNOTMOUNTED_RDSM) in bfm_ReadTrain.c:90
[PID=68357][Tue Mar  1 15:22:42 2022] Error : -196608(eVOLNOTMOUNTED_RDSM) in BfM_GetTrain.c:113
[PID=68357][Tue Mar  1 15:22:42 2022] Error : -196608(eVOLNOTMOUNTED_RDSM) in EduOM_Test.c:634
[PID=68357][Tue Mar  1 15:22:42 2022] Error : -196608(eVOLNOTMOUNTED_RDSM) in RDsM_ReadTrain.c:90
[PID=68357][Tue Mar  1 15:22:42 2022] Error : -196608(eVOLNOTMOUNTED_RDSM) in bfm_ReadTrain.c:90
[PID=68357][Tue Mar  1 15:22:42 2022] Error : -196608(eVOLNOTMOUNTED_RDSM) in BfM_GetTrain.c:113
[PID=68357][Tue Mar  1 15:22:42 2022] Error : -196608(eVOLNOTMOUNTED_RDSM) in EduOM_Test.c:533
[PID=68357][Tue Mar  1 15:22:42 2022] Error : -1(Unix error code) in EduOM_Test.c:262
[PID=68357][Tue Mar  1 15:22:42 2022] Error : -589829(eNOLOGGEDTRANSACTION_RM) in RM_Transaction.c:311
[PID=68357][Tue Mar  1 15:22:42 2022] Error : -589829(eNOLOGGEDTRANSACTION_RM) in SM_Transaction.c:258
[PID=68357][Tue Mar  1 15:22:42 2022] Error : -589829(eNOLOGGEDTRANSACTION_RM) in SM_ThinLayer.c:761
[PID=68357][Tue Mar  1 15:22:42 2022] Error : -589829(eNOLOGGEDTRANSACTION_RM) in LRDS_Transaction.c:133
[PID=68571][Tue Mar  1 15:23:00 2022] Error : -196608(eVOLNOTMOUNTED_RDSM) in RDsM_ReadTrain.c:90
[PID=68571][Tue Mar  1 15:23:00 2022] Error : -196608(eVOLNOTMOUNTED_RDSM) in bfm_ReadTrain.c:90
[PID=68571][Tue Mar  1 15:23:00 2022] Error : -196608(eVOLNOTMOUNTED_RDSM) in BfM_GetTrain.c:113
[PID=68571][Tue Mar  1 15:23:00 2022] Error : -196608(eVOLNOTMOUNTED_RDSM) in EduOM_Test.c:533
[PID=68571][Tue Mar  1 15:23:00 2022] Error : -196608(eVOLNOTMOUNTED_RDSM) in RDsM_ReadTrain.c:90
[PID=68571][Tue Mar  1 15:23:00 2022] Error : -196608(eVOLNOTMOUNTED_RDSM) in bfm_ReadTrain.c:90
[PID=68571][Tue Mar  1 15:23:00 2022] Error : -196608(eVOLNOTMOUNTED_RDSM) in BfM_GetTrain.c:113
[PID=68571][Tue Mar  1 15:23:00 2022] Error : -196608(eVOLNOTMOUNTED_RDSM) in EduOM_Test.c:533
[PID=68571][Tue Mar  1 15:23:00 2022] Error : -196608(eVOLNOTMOUNTED_RDSM) in RDsM_ReadTrain.c:90
[PID=68571][Tue Mar  1 15:23:00 2022] Error : -196608(eVOLNOTMOUNTED_RDSM) in bfm_ReadTrain.c:90
[PID=68571][Tue Mar  1 15:23:00 2022] Error : -196608(eVOLNOTMOUNTED_RDSM) in BfM_GetTrain.c:113
[PID=68571][Tue Mar  1 15:23:00 2022] Error : -196608(eVOLNOTMOUNTED_RDSM) in EduOM_Test.c:589
[PID=68571][Tue Mar  1 15:23:00 2022] Error : -196608(eVOLNOTMOUNTED_RDSM) in RDsM_ReadTrain.c:90
[PID=68571][Tue Mar  1 15:23:00 2022] Error : -196608(eVOLNOTMOUNTED_RDSM) in bfm_ReadTrain.c:90
[PID=68571][Tue Mar  1 15:23:00 2022] Error : -196608(eVOLNOTMOUNTED_RDSM) in BfM_GetTrain.c:113
[PID=68571][Tue Mar  1 15:23:00 2022] Error : -196608(eVOLNOTMOUNTED_RDSM) in EduOM_Test.c:533
[PID=68571][Tue Mar  1 15:23:00 2022] Error : -196608(eVOLNOTMOUNTED_RDSM) in RDsM_ReadTrain.c:90
[PID=68571][Tue Mar  1 15:23:00 2022] Error : -196608(eVOLNOTMOUNTED_RDSM) in bfm_ReadTrain.c:90
[PID=68571][Tue Mar  1 15:23:00 2022] Error : -196608(eVOLNOTMOUNTED_RDSM) in BfM_GetTrain.c:113
[PID=68571][Tue Mar  1 15:23:00 2022] Error : -196608(eVOLNOTMOUNTED_RDSM) in EduOM_Test.c:533
[PID=68571][Tue Mar  1 15:23:00 2022] Error : -196608(eVOLNOTMOUNTED_RDSM) in RDsM_ReadTrain.c:90
[PID=68571][Tue Mar  1 15:23:00 2022] Error : -196608(eVOLNOTMOUNTED_RDSM) in bfm_ReadTrain.c:90
[PID=68571][Tue Mar  1 15:23:00 2022] Error : -196608(eVOLNOTMOUNTED_RDSM) in BfM_GetTrain.c:113
[PID=68571][Tue Mar  1 15:23:00 2022] Error : -196608(eVOLNOTMOUNTED_RDSM) in EduOM_Test.c:533
[PID=68571][Tue Mar  1 15:23:00 2022] Error : -196608(eVOLNOTMOUNTED_RDSM) in RDsM_ReadTrain.c:90
[PID=68571][Tue Mar  1 15:23:00 2022] Error : -196608(eVOLNOTMOUNTED_RDSM) in bfm_ReadTrain.c:90
[PID=68571][Tue Mar  1 15:23:00 2022] Error : -196608(eVOLNOTMOUNTED_RDSM) in BfM_GetTrain.c:113
[PID=68571][Tue Mar  1 15:23:00 2022] Error : -196608(eVOLNOTMOUNTED_RDSM) in EduOM_Test.c:634
[PID=68571][Tue Mar  1 15:23:00 2022] Error : -196608(eVOLNOTMOUNTED_RDSM) in RDsM_ReadTrain.c:90
[PID=68571][Tue Mar  1 15:23:00 2022] Error : -196608(eVOLNOTMOUNTED_RDSM) in bfm_ReadTrain.c:90
[PID=68571][Tue Mar  1 15:23:00 2022] Error : -196608(eVOLNOTMOUNTED_RDSM) in BfM_GetTrain.c:113
[PID=68571][Tue Mar  1 15:23:00 2022] Error : -196608(eVOLNOTMOUNTED_RDSM) in EduOM_Test.c:533
[PID=68571][Tue Mar  1 15:23:00 2022] Error : -1(Unix error code) in EduOM_Test.c:262
[PID=68571][Tue Mar  1 15:23:00 2022] Error : -589829(eNOLOGGEDTRANSACTION_RM) in RM_Transaction.c:311
[PID=68571][Tue Mar  1 15:23:00 2022] Error : -589829(eNOLOGGEDTRANSACTION_RM) in SM_Transaction.c:258
[PID=68571][Tue Mar  1 15:23:00 2022] Error : -589829(eNOLOGGEDTRANSACTION_RM) in SM_ThinLayer.c:761
[PID=68571][Tue Mar  1 15:23:00 2022] Error : -589829(eNOLOGGEDTRANSACTION_RM) in LRDS_Transaction.c:133
[PID=68743][Tue Mar  1 15:23:13 2022] Error : -196608(eVOLNOTMOUNTED_RDSM) in RDsM_ReadTrain.c:90
[PID=68743][Tue Mar  1 15:23:13 2022] Error : -196608(eVOLNOTMOUNTED_RDSM) in bfm_ReadTrain.c:90
[PID=68743][Tue Mar  1 15:23:13 2022] Error : -196608(eVOLNOTMOUNTED_RDSM) in BfM_GetTrain.c:113
[PID=68743][Tue Mar  1 15:23:13 2022] Error : -196608(eVOLNOTMOUNTED_RDSM) in EduOM_Test.c:533
[PID=68743][Tue Mar  1 15:23:13 2022] Error : -196608(eVOLNOTMOUNTED_RDSM) in RDsM_ReadTrain.c:90
[PID=68743][Tue Mar  1 15:23:13 2022] Error : -196608(eVOLNOTMOUNTED_RDSM) in bfm_ReadTrain.c:90
[PID=68743][Tue Mar  1 15:23:13 2022] Error : -196608(eVOLNOTMOUNTED_RDSM) in BfM_GetTrain.c:113
[PID=68743][Tue Mar  1 15:23:13 2022] Error : -196608(eVOLNOTMOUNTED_RDSM) in EduOM_Test.c:533
[PID=68743][Tue Mar  1 15:23:13 2022] Error : -196608(eVOLNOTMOUNTED_RDSM) in RDsM_ReadTrain.c:90
[PID=68743][Tue Mar  1 15:23:13 2022] Error : -196608(eVOLNOTMOUNTED_RDSM) in bfm_ReadTrain.c:90
[PID=68743][Tue Mar  1 15:23:13 2022] Error : -196608(eVOLNOTMOUNTED_RDSM) in BfM_GetTrain.c:113
[PID=68743][Tue Mar  1 15:23:13 2022] Error : -196608(eVOLNOTMOUNTED_RDSM) in EduOM_Test.c:589
[PID=68743][Tue Mar  1 15:23:13 2022] Error : -196608(eVOLNOTMOUNTED_RDSM) in RDsM_ReadTrain.c:90
[PID=68743][Tue Mar  1 15:23:13 2022] Error : -196608(eVOLNOTMOUNTED_RDSM) in bfm_ReadTrain.c:90
[PID=68743][Tue Mar  1 15:23:13 2022] Error : -196608(eVOLNOTMOUNTED_RDSM) in BfM_GetTrain.c:113
[PID=68743][Tue Mar  1 15:23:13 2022] Error : -196608(eVOLNOTMOUNTED_RDSM) in EduOM_Test.c:533
[PID=68743][Tue Mar  1 15:23:13 2022] Error : -196608(eVOLNOTMOUNTED_RDSM) in RDsM_ReadTrain.c:90
[PID=68743][Tue Mar  1 15:23:13 2022] Error : -196608(eVOLNOTMOUNTED_RDSM) in bfm_ReadTrain.c:90
[PID=68743][Tue Mar  1 15:23:13 2022] Error : -196608(eVOLNOTMOUNTED_RDSM) in BfM_GetTrain.c:113
[PID=68743][Tue Mar  1 15:23:13 2022] Error : -196608(eVOLNOTMOUNTED_RDSM) in EduOM_Test.c:533
[PID=68743][Tue Mar  1 15:23:13 2022] Error : -196608(eVOLNOTMOUNTED_RDSM) in RDsM_ReadTrain.c:90
[PID=68743][Tue Mar  1 15:23:13 2022] Error : -196608(eVOLNOTMOUNTED_RDSM) in bfm_ReadTrain.c:90
[PID=68743][Tue Mar  1 15:23:13 2022] Error : -196608(eVOLNOTMOUNTED_RDSM) in BfM_GetTrain.c:113
[PID=68743][Tue Mar  1 15:23:13 2022] Error : -196608(eVOLNOTMOUNTED_RDSM) in EduOM_Test.c:533
[PID=68743][Tue Mar  1 15:23:13 2022] Error : -196608(eVOLNOTMOUNTED_RDSM) in RDsM_ReadTrain.c:90
[PID=68743][Tue Mar  1 15:23:13 2022] Error : -196608(eVOLNOTMOUNTED_RDSM) in bfm_ReadTrain.c:90
[PID=68743][Tue Mar  1 15:23:13 2022] Error : -196608(eVOLNOTMOUNTED_RDSM) in BfM_GetTrain.c:113
[PID=68743][Tue Mar  1 15:23:13 2022] Error : -196608(eVOLNOTMOUNTED_RDSM) in EduOM_Test.c:634
[PID=68743][Tue Mar  1 15:23:13 2022] Error : -196608(eVOLNOTMOUNTED_RDSM) in RDsM_ReadTrain.c:90
[PID=68743][Tue Mar  1 15:23:13 2022] Error : -196608(eVOLNOTMOUNTED_RDSM) in bfm_ReadTrain.c:90
[PID=68743][Tue Mar  1 15:23:13 2022] Error : -196608(eVOLNOTMOUNTED_RDSM) in BfM_GetTrain.c:113
[PID=68743][Tue Mar  1 15:23:13 2022] Error : -196608(eVOLNOTMOUNTED_RDSM) in EduOM_Test.c:533
[PID=68743][Tue Mar  1 15:23:13 2022] Error : -1(Unix error code) in EduOM_Test.c:262
[PID=68743][Tue Mar  1 15:23:13 2022] Error : -589829(eNOLOGGEDTRANSACTION_RM) in RM_Transaction.c:311
[PID=68743][Tue Mar  1 15:23:13 2022] Error : -589829(eNOLOGGEDTRANSACTION_RM) in SM_Transaction.c:258
[PID=68743][Tue Mar  1 15:23:13 2022] Error : -589829(eNOLOGGEDTRANSACTION_RM) in SM_ThinLayer.c:761
[PID=68743][Tue Mar  1 15:23:13 2022] Error : -589829(eNOLOGGEDTRANSACTION_RM) in LRDS_Transaction.c:133
[PID=71852][Tue Mar  1 15:28:29 2022] Error : -196608(eVOLNOTMOUNTED_RDSM) in RDsM_ReadTrain.c:90
[PID=71852][Tue Mar  1 15:28:29 2022] Error : -196608(eVOLNOTMOUNTED_RDSM) in bfm_ReadTrain.c:90
[PID=71852][Tue Mar  1 15:28:29 2022] Error : -196608(eVOLNOTMOUNTED_RDSM) in BfM_GetTrain.c:113
[PID=71852][Tue Mar  1 15:28:29 2022] Error : -196608(eVOLNOTMOUNTED_RDSM) in EduOM_Test.c:533
[PID=71852][Tue Mar  1 15:28:29 2022] Error : -196608(eVOLNOTMOUNTED_RDSM) in RDsM_ReadTrain.c:90
[PID=71852][Tue Mar  1 15:28:29 2022] Error : -196608(eVOLNOTMOUNTED_RDSM) in bfm_ReadTrain.c:90
[PID=71852][Tue Mar  1 15:28:29 2022] Error : -196608(eVOLNOTMOUNTED_RDSM) in BfM_GetTrain.c:113
[PID=71852][Tue Mar  1 15:28:29 2022] Error : -196608(eVOLNOTMOUNTED_RDSM) in EduOM_Test.c:533
[PID=71852][Tue Mar  1 15:28:29 2022] Error : -196608(eVOLNOTMOUNTED_RDSM) in RDsM_ReadTrain.c:90
[PID=71852][Tue Mar  1 15:28:29 2022] Error : -196608(eVOLNOTMOUNTED_RDSM) in bfm_ReadTrain.c:90
[PID=71852][Tue Mar  1 15:28:29 2022] Error : -196608(eVOLNOTMOUNTED_RDSM) in BfM_GetTrain.c:113
[PID=71852][Tue Mar  1 15:28:29 2022] Error : -196608(eVOLNOTMOUNTED_RDSM) in EduOM_Test.c:589
[PID=71852][Tue Mar  1 15:28:29 2022] Error : -196608(eVOLNOTMOUNTED_RDSM) in RDsM_ReadTrain.c:90
[PID=71852][Tue Mar  1 15:28:29 2022] Error : -196608(eVOLNOTMOUNTED_RDSM) in bfm_ReadTrain.c:90
[PID=71852][Tue Mar  1 15:28:29 2022] Error : -196608(eVOLNOTMOUNTED_RDSM) in BfM_GetTrain.c:113
[PID=71852][Tue Mar  1 15:28:29 2022] Error : -196608(eVOLNOTMOUNTED_RDSM) in EduOM_Test.c:533
[PID=71852][Tue Mar  1 15:28:29 2022] Error : -196608(eVOLNOTMOUNTED_RDSM) in RDsM_ReadTrain.c:90
[PID=71852][Tue Mar  1 15:28:29 2022] Error : -196608(eVOLNOTMOUNTED_RDSM) in bfm_ReadTrain.c:90
[PID=71852][Tue Mar  1 15:28:29 2022] Error : -196608(eVOLNOTMOUNTED_RDSM) in BfM_GetTrain.c:113
[PID=71852][Tue Mar  1 15:28:29 2022] Error : -196608(eVOLNOTMOUNTED_RDSM) in EduOM_Test.c:533
[PID=71852][Tue Mar  1 15:28:29 2022] Error : -196608(eVOLNOTMOUNTED_RDSM) in RDsM_ReadTrain.c:90
[PID=71852][Tue Mar  1 15:28:29 2022] Error : -196608(eVOLNOTMOUNTED_RDSM) in bfm_ReadTrain.c:90
[PID=71852][Tue Mar  1 15:28:29 2022] Error : -196608(eVOLNOTMOUNTED_RDSM) in BfM_GetTrain.c:113
[PID=71852][Tue Mar  1 15:28:29 2022] Error : -196608(eVOLNOTMOUNTED_RDSM) in EduOM_Test.c:533
[PID=71852][Tue Mar  1 15:28:29 2022] Error : -196608(eVOLNOTMOUNTED_RDSM) in RDsM_ReadTrain.c:90
[PID=71852][Tue Mar  1 15:28:29 2022] Error : -196608(eVOLNOTMOUNTED_RDSM) in bfm_ReadTrain.c:90
[PID=71852][Tue Mar  1 15:28:29 2022] Error : -196608(eVOLNOTMOUNTED_RDSM) in BfM_GetTrain.c:113
[PID=71852][Tue Mar  1 15:28:29 2022] Error : -196608(eVOLNOTMOUNTED_RDSM) in EduOM_Test.c:634
[PID=71852][Tue Mar  1 15:28:29 2022] Error : -196608(eVOLNOTMOUNTED_RDSM) in RDsM_ReadTrain.c:90
[PID=71852][Tue Mar  1 15:28:29 2022] Error : -196608(eVOLNOTMOUNTED_RDSM) in bfm_ReadTrain.c:90
[PID=71852][Tue Mar  1 15:28:29 2022] Error : -196608(eVOLNOTMOUNTED_RDSM) in BfM_GetTrain.c:113
[PID=71852][Tue Mar  1 15:28:29 2022] Error : -196608(eVOLNOTMOUNTED_RDSM) in EduOM_Test.c:533
[PID=71852][Tue Mar  1 15:28:29 2022] Error : -1(Unix error code) in EduOM_Test.c:262
[PID=71852][Tue Mar  1 15:28:29 2022] Error : -589829(eNOLOGGEDTRANSACTION_RM) in RM_Transaction.c:311
[PID=71852][Tue Mar  1 15:28:29 2022] Error : -589829(eNOLOGGEDTRANSACTION_RM) in SM_Transaction.c:258
[PID=71852][Tue Mar  1 15:28:29 2022] Error : -589829(eNOLOGGEDTRANSACTION_RM) in SM_ThinLayer.c:761
[PID=71852][Tue Mar  1 15:28:29 2022] Error : -589829(eNOLOGGEDTRANSACTION_RM) in LRDS_Transaction.c:133
[PID=73460][Tue Mar  1 15:31:24 2022] Error : -196608(eVOLNOTMOUNTED_RDSM) in RDsM_ReadTrain.c:90
[PID=73460][Tue Mar  1 15:31:24 2022] Error : -196608(eVOLNOTMOUNTED_RDSM) in bfm_ReadTrain.c:90
[PID=73460][Tue Mar  1 15:31:24 2022] Error : -196608(eVOLNOTMOUNTED_RDSM) in BfM_GetTrain.c:113
[PID=73460][Tue Mar  1 15:31:24 2022] Error : -196608(eVOLNOTMOUNTED_RDSM) in EduOM_Test.c:533
[PID=73460][Tue Mar  1 15:31:24 2022] Error : -196608(eVOLNOTMOUNTED_RDSM) in RDsM_ReadTrain.c:90
[PID=73460][Tue Mar  1 15:31:24 2022] Error : -196608(eVOLNOTMOUNTED_RDSM) in bfm_ReadTrain.c:90
[PID=73460][Tue Mar  1 15:31:24 2022] Error : -196608(eVOLNOTMOUNTED_RDSM) in BfM_GetTrain.c:113
[PID=73460][Tue Mar  1 15:31:24 2022] Error : -196608(eVOLNOTMOUNTED_RDSM) in EduOM_Test.c:533
[PID=73460][Tue Mar  1 15:31:24 2022] Error : -196608(eVOLNOTMOUNTED_RDSM) in RDsM_ReadTrain.c:90
[PID=73460][Tue Mar  1 15:31:24 2022] Error : -196608(eVOLNOTMOUNTED_RDSM) in bfm_ReadTrain.c:90
[PID=73460][Tue Mar  1 15:31:24 2022] Error : -196608(eVOLNOTMOUNTED_RDSM) in BfM_GetTrain.c:113
[PID=73460][Tue Mar  1 15:31:24 2022] Error : -196608(eVOLNOTMOUNTED_RDSM) in EduOM_Test.c:589
[PID=73460][Tue Mar  1 15:31:24 2022] Error : -196608(eVOLNOTMOUNTED_RDSM) in RDsM_ReadTrain.c:90
[PID=73460][Tue Mar  1 15:31:24 2022] Error : -196608(eVOLNOTMOUNTED_RDSM) in bfm_ReadTrain.c:90
[PID=73460][Tue Mar  1 15:31:24 2022] Error : -196608(eVOLNOTMOUNTED_RDSM) in BfM_GetTrain.c:113
[PID=73460][Tue Mar  1 15:31:24 2022] Error : -196608(eVOLNOTMOUNTED_RDSM) in EduOM_Test.c:533
[PID=73460][Tue Mar  1 15:31:24 2022] Error : -196608(eVOLNOTMOUNTED_RDSM) in RDsM_ReadTrain.c:90
[PID=73460][Tue Mar  1 15:31:24 2022] Error : -196608(eVOLNOTMOUNTED_RDSM) in bfm_ReadTrain.c:90
[PID=73460][Tue Mar  1 15:31:24 2022] Error : -196608(eVOLNOTMOUNTED_RDSM) in BfM_GetTrain.c:113
[PID=73460][Tue Mar  1 15:31:24 2022] Error : -196608(eVOLNOTMOUNTED_RDSM) in EduOM_Test.c:533
[PID=73460][Tue Mar  1 15:31:24 2022] Error : -196608(eVOLNOTMOUNTED_RDSM) in RDsM_ReadTrain.c:90
[PID=73460][Tue Mar  1 15:31:24 2022] Error : -196608(eVOLNOTMOUNTED_RDSM) in bfm_ReadTrain.c:90
[PID=73460][Tue Mar  1 15:31:24 2022] Error : -196608(eVOLNOTMOUNTED_RDSM) in BfM_GetTrain.c:113
[PID=73460][Tue Mar  1 15:31:24 2022] Error : -196608(eVOLNOTMOUNTED_RDSM) in EduOM_Test.c:533
[PID=73460][Tue Mar  1 15:31:24 2022] Error : -196608(eVOLNOTMOUNTED_RDSM) in RDsM_ReadTrain.c:90
[PID=73460][Tue Mar  1 15:31:24 2022] Error : -196608(eVOLNOTMOUNTED_RDSM) in bfm_ReadTrain.c:90
[PID=73460][Tue Mar  1 15:31:24 2022] Error : -196608(eVOLNOTMOUNTED_RDSM) in BfM_GetTrain.c:113
[PID=73460][Tue Mar  1 15:31:24 2022] Error : -196608(eVOLNOTMOUNTED_RDSM) in EduOM_Test.c:634
[PID=73460][Tue Mar  1 15:31:24 2022] Error : -196608(eVOLNOTMOUNTED_RDSM) in RDsM_ReadTrain.c:90
[PID=73460][Tue Mar  1 15:31:24 2022] Error : -196608(eVOLNOTMOUNTED_RDSM) in bfm_ReadTrain.c:90
[PID=73460][Tue Mar  1 15:31:24 2022] Error : -196608(eVOLNOTMOUNTED_RDSM) in BfM_GetTrain.c:113
[PID=73460][Tue Mar  1 15:31:24 2022] Error : -196608(eVOLNOTMOUNTED_RDSM) in EduOM_Test.c:533
[PID=73460][Tue Mar  1 15:31:24 2022] Error : -1(Unix error code) in EduOM_Test.c:262
[PID=73460][Tue Mar  1 15:31:24 2022] Error : -589829(eNOLOGGEDTRANSACTION_RM) in RM_Transaction.c:311
[PID=73460][Tue Mar  1 15:31:24 2022] Error : -589829(eNOLOGGEDTRANSACTION_RM) in SM_Transaction.c:258
[PID=73460][Tue Mar  1 15:31:24 2022] Error : -589829(eNOLOGGEDTRANSACTION_RM) in SM_ThinLayer.c:761
[PID=73460][Tue Mar  1 15:31:24 2022] Error : -589829(eNOLOGGEDTRANSACTION_RM) in LRDS_Transaction.c:133
[PID=74265][Tue Mar  1 15:32:48 2022] Error : -196608(eVOLNOTMOUNTED_RDSM) in RDsM_ReadTrain.c:90
[PID=74265][Tue Mar  1 15:32:48 2022] Error : -196608(eVOLNOTMOUNTED_RDSM) in bfm_ReadTrain.c:90
[PID=74265][Tue Mar  1 15:32:48 2022] Error : -196608(eVOLNOTMOUNTED_RDSM) in BfM_GetTrain.c:113
[PID=74265][Tue Mar  1 15:32:48 2022] Error : -196608(eVOLNOTMOUNTED_RDSM) in EduOM_Test.c:533
[PID=74265][Tue Mar  1 15:32:48 2022] Error : -196608(eVOLNOTMOUNTED_RDSM) in RDsM_ReadTrain.c:90
[PID=74265][Tue Mar  1 15:32:48 2022] Error : -196608(eVOLNOTMOUNTED_RDSM) in bfm_ReadTrain.c:90
[PID=74265][Tue Mar  1 15:32:48 2022] Error : -196608(eVOLNOTMOUNTED_RDSM) in BfM_GetTrain.c:113
[PID=74265][Tue Mar  1 15:32:48 2022] Error : -196608(eVOLNOTMOUNTED_RDSM) in EduOM_Test.c:533
[PID=74265][Tue Mar  1 15:32:48 2022] Error : -196608(eVOLNOTMOUNTED_RDSM) in RDsM_ReadTrain.c:90
[PID=74265][Tue Mar  1 15:32:48 2022] Error : -196608(eVOLNOTMOUNTED_RDSM) in bfm_ReadTrain.c:90
[PID=74265][Tue Mar  1 15:32:48 2022] Error : -196608(eVOLNOTMOUNTED_RDSM) in BfM_GetTrain.c:113
[PID=74265][Tue Mar  1 15:32:48 2022] Error : -196608(eVOLNOTMOUNTED_RDSM) in EduOM_Test.c:589
[PID=74265][Tue Mar  1 15:32:48 2022] Error : -196608(eVOLNOTMOUNTED_RDSM) in RDsM_ReadTrain.c:90
[PID=74265][Tue Mar  1 15:32:48 2022] Error : -196608(eVOLNOTMOUNTED_RDSM) in bfm_ReadTrain.c:90
[PID=74265][Tue Mar  1 15:32:48 2022] Error : -196608(eVOLNOTMOUNTED_RDSM) in BfM_GetTrain.c:113
[PID=74265][Tue Mar  1 15:32:48 2022] Error : -196608(eVOLNOTMOUNTED_RDSM) in EduOM_Test.c:533
[PID=74265][Tue Mar  1 15:32:48 2022] Error : -196608(eVOLNOTMOUNTED_RDSM) in RDsM_ReadTrain.c:90
[PID=74265][Tue Mar  1 15:32:48 2022] Error : -196608(eVOLNOTMOUNTED_RDSM) in bfm_ReadTrain.c:90
[PID=74265][Tue Mar  1 15:32:48 2022] Error : -196608(eVOLNOTMOUNTED_RDSM) in BfM_GetTrain.c:113
[PID=74265][Tue Mar  1 15:32:48 2022] Error : -196608(eVOLNOTMOUNTED_RDSM) in EduOM_Test.c:533
[PID=74265][Tue Mar  1 15:32:48 2022] Error : -196608(eVOLNOTMOUNTED_RDSM) in RDsM_ReadTrain.c:90
[PID=74265][Tue Mar  1 15:32:48 2022] Error : -196608(eVOLNOTMOUNTED_RDSM) in bfm_ReadTrain.c:90
[PID=74265][Tue Mar  1 15:32:48 2022] Error : -196608(eVOLNOTMOUNTED_RDSM) in BfM_GetTrain.c:113
[PID=74265][Tue Mar  1 15:32:48 2022] Error : -196608(eVOLNOTMOUNTED_RDSM) in EduOM_Test.c:533
[PID=74265][Tue Mar  1 15:32:48 2022] Error : -196608(eVOLNOTMOUNTED_RDSM) in RDsM_ReadTrain.c:90
[PID=74265][Tue Mar  1 15:32:48 2022] Error : -196608(eVOLNOTMOUNTED_RDSM) in bfm_ReadTrain.c:90
[PID=74265][Tue Mar  1 15:32:48 2022] Error : -196608(eVOLNOTMOUNTED_RDSM) in BfM_GetTrain.c:113
[PID=74265][Tue Mar  1 15:32:48 2022] Error : -196608(eVOLNOTMOUNTED_RDSM) in EduOM_Test.c:634
[PID=74265][Tue Mar  1 15:32:48 2022] Error : -196608(eVOLNOTMOUNTED_RDSM) in RDsM_ReadTrain.c:90
[PID=74265][Tue Mar  1 15:32:48 2022] Error : -196608(eVOLNOTMOUNTED_RDSM) in bfm_ReadTrain.c:90
[PID=74265][Tue Mar  1 15:32:48 2022] Error : -196608(eVOLNOTMOUNTED_RDSM) in BfM_GetTrain.c:113
[PID=74265][Tue Mar  1 15:32:48 2022] Error : -196608(eVOLNOTMOUNTED_RDSM) in EduOM_Test.c:533
[PID=74265][Tue Mar  1 15:32:48 2022] Error : -1(Unix error code) in EduOM_Test.c:262
[PID=74265][Tue Mar  1 15:32:48 2022] Error : -589829(eNOLOGGEDTRANSACTION_RM) in RM_Transaction.c:311
[PID=74265][Tue Mar  1 15:32:48 2022] Error : -589829(eNOLOGGEDTRANSACTION_RM) in SM_Transaction.c:258
[PID=74265][Tue Mar  1 15:32:48 2022] Error : -589829(eNOLOGGEDTRANSACTION_RM) in SM_ThinLayer.c:761
[PID=74265][Tue Mar  1 15:32:48 2022] Error : -589829(eNOLOGGEDTRANSACTION_RM) in LRDS_Transaction.c:133
[PID=12929][Mon Apr  1 18:47:56 2024] Error : -393217(eBADOBJECTID_OM) in om_CreateObject.c:104
[PID=12929][Mon Apr  1 18:47:56 2024] Error : -393217(eBADOBJECTID_OM) in EduOM_CreateObject.c:117
[PID=12929][Mon Apr  1 18:47:56 2024] Error : -393217(eBADOBJECTID_OM) in EduOM_Test.c:101
[PID=12929][Mon Apr  1 18:47:56 2024] Error : -589829(eNOLOGGEDTRANSACTION_RM) in RM_Transaction.c:311
[PID=12929][Mon Apr  1 18:47:56 2024] Error : -589829(eNOLOGGEDTRANSACTION_RM) in SM_Transaction.c:258
[PID=12929][Mon Apr  1 18:47:56 2024] Error : -589829(eNOLOGGEDTRANSACTION_RM) in SM_ThinLayer.c:761
[PID=12929][Mon Apr  1 18:47:56 2024] Error : -589829(eNOLOGGEDTRANSACTION_RM) in LRDS_Transaction.c:133
[PID=13049][Mon Apr  1 18:50:13 2024] Error : -393217(eBADOBJECTID_OM) in om_CreateObject.c:104
[PID=13049][Mon Apr  1 18:50:13 2024] Error : -393217(eBADOBJECTID_OM) in EduOM_CreateObject.c:117
[PID=13049][Mon Apr  1 18:50:13 2024] Error : -393217(eBADOBJECTID_OM) in EduOM_Test.c:101
[PID=13049][Mon Apr  1 18:50:13 2024] Error : -589829(eNOLOGGEDTRANSACTION_RM) in RM_Transaction.c:311
[PID=13049][Mon Apr  1 18:50:13 2024] Error : -589829(eNOLOGGEDTRANSACTION_RM) in SM_Transaction.c:258
[PID=13049][Mon Apr  1 18:50:13 2024] Error : -589829(eNOLOGGEDTRANSACTION_RM) in SM_ThinLayer.c:761
[PID=13049][Mon Apr  1 18:50:13 2024] Error : -589829(eNOLOGGEDTRANSACTION_RM) in LRDS_Transaction.c:133
[PID=20995][Tue Apr  2 17:00:15 2024] Error : -262149(eFLUSHFIXEDBUF_BFM) in BfM_Dismount.c:110
[PID=20995][Tue Apr  2 17:00:15 2024] Error : -262149(eFLUSHFIXEDBUF_BFM) in SM_Dismount.c:104
[PID=20995][Tue Apr  2 17:00:15 2024] Error : -262149(eFLUSHFIXEDBUF_BFM) in LRDS_Dismount.c:246
[PID=20995][Tue Apr  2 17:00:15 2024] Error : -262149(eFLUSHFIXEDBUF_BFM) in LRDS_Dismount.c:143
[PID=15758][Wed Apr  3 18:34:02 2024] Error : -262147(eBADHASHKEY_BFM) in BfM_GetTrain.c:160
[PID=15758][Wed Apr  3 18:34:02 2024] Error : -262147(eBADHASHKEY_BFM) in EduOM_Test.c:590
[PID=15758][Wed Apr  3 18:34:03 2024] Error : -393223(eBADPAGEID_OM) in EduOM_Test.c:530
[PID=15758][Wed Apr  3 18:34:03 2024] Error : -393217(eBADOBJECTID_OM) in OM_ReadObject.c:122
[PID=15758][Wed Apr  3 18:34:03 2024] Error : -393217(eBADOBJECTID_OM) in EduOM_Test.c:250
[PID=15758][Wed Apr  3 18:34:03 2024] Error : -589829(eNOLOGGEDTRANSACTION_RM) in RM_Transaction.c:311
[PID=15758][Wed Apr  3 18:34:03 2024] Error : -589829(eNOLOGGEDTRANSACTION_RM) in SM_Transaction.c:258
[PID=15758][Wed Apr  3 18:34:03 2024] Error : -589829(eNOLOGGEDTRANSACTION_RM) in SM_ThinLayer.c:761
[PID=15758][Wed Apr  3 18:34:03 2024] Error : -589829(eNOLOGGEDTRANSACTION_RM) in LRDS_Transaction.c:133
[PID=15963][Wed Apr  3 18:34:57 2024] Error : -196618(eINVALIDPID_RDSM) in RDsM_ReadTrain.c:103
[PID=15963][Wed Apr  3 18:34:57 2024] Error : -196618(eINVALIDPID_RDSM) in bfm_ReadTrain.c:90
[PID=15963][Wed Apr  3 18:34:57 2024] Error : -196618(eINVALIDPID_RDSM) in BfM_GetTrain.c:113
[PID=15963][Wed Apr  3 18:34:57 2024] Error : -196618(eINVALIDPID_RDSM) in om_AvailSpaceList.c:144
[PID=15963][Wed Apr  3 18:34:57 2024] Error : -196618(eINVALIDPID_RDSM) in RDsM_ReadTrain.c:103
[PID=15963][Wed Apr  3 18:34:57 2024] Error : -196618(eINVALIDPID_RDSM) in bfm_ReadTrain.c:90
[PID=15963][Wed Apr  3 18:34:57 2024] Error : -196618(eINVALIDPID_RDSM) in BfM_GetTrain.c:113
[PID=15963][Wed Apr  3 18:34:57 2024] Error : -196618(eINVALIDPID_RDSM) in om_AvailSpaceList.c:284
[PID=15963][Wed Apr  3 18:34:57 2024] Error : -196618(eINVALIDPID_RDSM) in EduOM_CreateObject.c:225
[PID=15963][Wed Apr  3 18:34:57 2024] Error : -196618(eINVALIDPID_RDSM) in EduOM_CreateObject.c:117
[PID=15963][Wed Apr  3 18:34:57 2024] Error : -196618(eINVALIDPID_RDSM) in EduOM_Test.c:137
[PID=15963][Wed Apr  3 18:34:57 2024] Error : -589829(eNOLOGGEDTRANSACTION_RM) in RM_Transaction.c:311
[PID=15963][Wed Apr  3 18:34:57 2024] Error : -589829(eNOLOGGEDTRANSACTION_RM) in SM_Transaction.c:258
[PID=15963][Wed Apr  3 18:34:57 2024] Error : -589829(eNOLOGGEDTRANSACTION_RM) in SM_ThinLayer.c:761
[PID=15963][Wed Apr  3 18:34:57 2024] Error : -589829(eNOLOGGEDTRANSACTION_RM) in LRDS_Transaction.c:133
[PID=26334][Thu Apr  4 10:17:15 2024] Error : -1(Unix error code) in EduOM_Test.c:250
[PID=26334][Thu Apr  4 10:17:15 2024] Error : -589829(eNOLOGGEDTRANSACTION_RM) in RM_Transaction.c:311
[PID=26334][Thu Apr  4 10:17:15 2024] Error : -589829(eNOLOGGEDTRANSACTION_RM) in SM_Transaction.c:258
[PID=26334][Thu Apr  4 10:17:15 2024] Error : -589829(eNOLOGGEDTRANSACTION_RM) in SM_ThinLayer.c:761
[PID=26334][Thu Apr  4 10:17:15 2024] Error : -589829(eNOLOGGEDTRANSACTION_RM) in LRDS_Transaction.c:133
[PID=26428][Thu Apr  4 10:18:05 2024] Error : -1(Unix error code) in EduOM_Test.c:250
[PID=26428][Thu Apr  4 10:18:05 2024] Error : -589829(eNOLOGGEDTRANSACTION_RM) in RM_Transaction.c:311
[PID=26428][Thu Apr  4 10:18:05 2024] Error : -589829(eNOLOGGEDTRANSACTION_RM) in SM_Transaction.c:258
[PID=26428][Thu Apr  4 10:18:05 2024] Error : -589829(eNOLOGGEDTRANSACTION_RM) in SM_ThinLayer.c:761
[PID=26428][Thu Apr  4 10:18:05 2024] Error : -589829(eNOLOGGEDTRANSACTION_RM) in LRDS_Transaction.c:133
[PID=26517][Thu Apr  4 10:19:56 2024] Error : -262149(eFLUSHFIXEDBUF_BFM) in BfM_Dismount.c:110
[PID=26517][Thu Apr  4 10:19:56 2024] Error : -262149(eFLUSHFIXEDBUF_BFM) in SM_Dismount.c:104
[PID=26517][Thu Apr  4 10:19:56 2024] Error : -262149(eFLUSHFIXEDBUF_BFM) in LRDS_Dismount.c:246
[PID=26517][Thu Apr  4 10:19:56 2024] Error : -262149(eFLUSHFIXEDBUF_BFM) in LRDS_Dismount.c:143
[PID=26596][Thu Apr  4 10:20:10 2024] Error : -262149(eFLUSHFIXEDBUF_BFM) in BfM_Dismount.c:110
[PID=26596][Thu Apr  4 10:20:10 2024] Error : -262149(eFLUSHFIXEDBUF_BFM) in SM_Dismount.c:104
[PID=26596][Thu Apr  4 10:20:10 2024] Error : -262149(eFLUSHFIXEDBUF_BFM) in LRDS_Dismount.c:246
[PID=26596][Thu Apr  4 10:20:10 2024] Error : -262149(eFLUSHFIXEDBUF_BFM) in LRDS_Dismount.c:143
[PID=26673][Thu Apr  4 10:20:22 2024] Error : -262149(eFLUSHFIXEDBUF_BFM) in BfM_Dismount.c:110
[PID=26673][Thu Apr  4 10:20:22 2024] Error : -262149(eFLUSHFIXEDBUF_BFM) in SM_Dismount.c:104
[PID=26673][Thu Apr  4 10:20:22 2024] Error : -262149(eFLUSHFIXEDBUF_BFM) in LRDS_Dismount.c:246
[PID=26673][Thu Apr  4 10:20:22 2024] Error : -262149(eFLUSHFIXEDBUF_BFM) in LRDS_Dismount.c:143
[PID=27167][Thu Apr  4 10:26:51 2024] Error : -1(Unix error code) in EduOM_Test.c:250
[PID=27167][Thu Apr  4 10:26:51 2024] Error : -589829(eNOLOGGEDTRANSACTION_RM) in RM_Transaction.c:311
[PID=27167][Thu Apr  4 10:26:51 2024] Error : -589829(eNOLOGGEDTRANSACTION_RM) in SM_Transaction.c:258
[PID=27167][Thu Apr  4 10:26:51 2024] Error : -589829(eNOLOGGEDTRANSACTION_RM) in SM_ThinLayer.c:761
[PID=27167][Thu Apr  4 10:26:51 2024] Error : -589829(eNOLOGGEDTRANSACTION_RM) in LRDS_Transaction.c:133
[PID=27379][Thu Apr  4 10:28:14 2024] Error : -1(Unix error code) in EduOM_Test.c:250
[PID=27379][Thu Apr  4 10:28:14 2024] Error : -589829(eNOLOGGEDTRANSACTION_RM) in RM_Transaction.c:311
[PID=27379][Thu Apr  4 10:28:14 2024] Error : -589829(eNOLOGGEDTRANSACTION_RM) in SM_Transaction.c:258
[PID=27379][Thu Apr  4 10:28:14 2024] Error : -589829(eNOLOGGEDTRANSACTION_RM) in SM_ThinLayer.c:761
[PID=27379][Thu Apr  4 10:28:14 2024] Error : -589829(eNOLOGGEDTRANSACTION_RM) in LRDS_Transaction.c:133
[PID=27890][Thu Apr  4 10:31:23 2024] Error : -1(Unix error code) in EduOM_Test.c:250
[PID=27890][Thu Apr  4 10:31:23 2024] Error : -589829(eNOLOGGEDTRANSACTION_RM) in RM_Transaction.c:311
[PID=27890][Thu Apr  4 10:31:23 2024] Error : -589829(eNOLOGGEDTRANSACTION_RM) in SM_Transaction.c:258
[PID=27890][Thu Apr  4 10:31:23 2024] Error : -589829(eNOLOGGEDTRANSACTION_RM) in SM_ThinLayer.c:761
[PID=27890][Thu Apr  4 10:31:23 2024] Error : -589829(eNOLOGGEDTRANSACTION_RM) in LRDS_Transaction.c:133
[PID=28191][Thu Apr  4 10:33:52 2024] Error : -1(Unix error code) in EduOM_Test.c:250
[PID=28191][Thu Apr  4 10:33:52 2024] Error : -589829(eNOLOGGEDTRANSACTION_RM) in RM_Transaction.c:311
[PID=28191][Thu Apr  4 10:33:52 2024] Error : -589829(eNOLOGGEDTRANSACTION_RM) in SM_Transaction.c:258
[PID=28191][Thu Apr  4 10:33:52 2024] Error : -589829(eNOLOGGEDTRANSACTION_RM) in SM_ThinLayer.c:761
[PID=28191][Thu Apr  4 10:33:52 2024] Error : -589829(eNOLOGGEDTRANSACTION_RM) in LRDS_Transaction.c:133
[PID=28267][Thu Apr  4 10:34:02 2024] Error : -1(Unix error code) in EduOM_Test.c:250
[PID=28267][Thu Apr  4 10:34:02 2024] Error : -589829(eNOLOGGEDTRANSACTION_RM) in RM_Transaction.c:311
[PID=28267][Thu Apr  4 10:34:02 2024] Error : -589829(eNOLOGGEDTRANSACTION_RM) in SM_Transaction.c:258
[PID=28267][Thu Apr  4 10:34:02 2024] Error : -589829(eNOLOGGEDTRANSACTION_RM) in SM_ThinLayer.c:761
[PID=28267][Thu Apr  4 10:34:02 2024] Error : -589829(eNOLOGGEDTRANSACTION_RM) in LRDS_Transaction.c:133
[PID=28525][Thu Apr  4 10:34:47 2024] Error : -1(Unix error code) in EduOM_Test.c:263
[PID=28525][Thu Apr  4 10:34:47 2024] Error : -589829(eNOLOGGEDTRANSACTION_RM) in RM_Transaction.c:311
[PID=28525][Thu Apr  4 10:34:47 2024] Error : -589829(eNOLOGGEDTRANSACTION_RM) in SM_Transaction.c:258
[PID=28525][Thu Apr  4 10:34:47 2024] Error : -589829(eNOLOGGEDTRANSACTION_RM) in SM_ThinLayer.c:761
[PID=28525][Thu Apr  4 10:34:47 2024] Error : -589829(eNOLOGGEDTRANSACTION_RM) in LRDS_Transaction.c:133
[PID=28618][Thu Apr  4 10:35:07 2024] Error : -1(Unix error code) in EduOM_Test.c:263
[PID=28618][Thu Apr  4 10:35:07 2024] Error : -589829(eNOLOGGEDTRANSACTION_RM) in RM_Transaction.c:311
[PID=28618][Thu Apr  4 10:35:07 2024] Error : -589829(eNOLOGGEDTRANSACTION_RM) in SM_Transaction.c:258
[PID=28618][Thu Apr  4 10:35:07 2024] Error : -589829(eNOLOGGEDTRANSACTION_RM) in SM_ThinLayer.c:761
[PID=28618][Thu Apr  4 10:35:07 2024] Error : -589829(eNOLOGGEDTRANSACTION_RM) in LRDS_Transaction.c:133
[PID=28694][Thu Apr  4 10:35:19 2024] Error : -1(Unix error code) in EduOM_Test.c:263
[PID=28694][Thu Apr  4 10:35:19 2024] Error : -589829(eNOLOGGEDTRANSACTION_RM) in RM_Transaction.c:311
[PID=28694][Thu Apr  4 10:35:19 2024] Error : -589829(eNOLOGGEDTRANSACTION_RM) in SM_Transaction.c:258
[PID=28694][Thu Apr  4 10:35:19 2024] Error : -589829(eNOLOGGEDTRANSACTION_RM) in SM_ThinLayer.c:761
[PID=28694][Thu Apr  4 10:35:19 2024] Error : -589829(eNOLOGGEDTRANSACTION_RM) in LRDS_Transaction.c:133
[PID=28953][Thu Apr  4 10:36:48 2024] Error : -1(Unix error code) in EduOM_Test.c:263
[PID=28953][Thu Apr  4 10:36:48 2024] Error : -589829(eNOLOGGEDTRANSACTION_RM) in RM_Transaction.c:311
[PID=28953][Thu Apr  4 10:36:48 2024] Error : -589829(eNOLOGGEDTRANSACTION_RM) in SM_Transaction.c:258
[PID=28953][Thu Apr  4 10:36:48 2024] Error : -589829(eNOLOGGEDTRANSACTION_RM) in SM_ThinLayer.c:761
[PID=28953][Thu Apr  4 10:36:48 2024] Error : -589829(eNOLOGGEDTRANSACTION_RM) in LRDS_Transaction.c:133
[PID=29107][Thu Apr  4 10:37:10 2024] Error : -1(Unix error code) in EduOM_Test.c:263
[PID=29107][Thu Apr  4 10:37:10 2024] Error : -589829(eNOLOGGEDTRANSACTION_RM) in RM_Transaction.c:311
[PID=29107][Thu Apr  4 10:37:10 2024] Error : -589829(eNOLOGGEDTRANSACTION_RM) in SM_Transaction.c:258
[PID=29107][Thu Apr  4 10:37:10 2024] Error : -589829(eNOLOGGEDTRANSACTION_RM) in SM_ThinLayer.c:761
[PID=29107][Thu Apr  4 10:37:10 2024] Error : -589829(eNOLOGGEDTRANSACTION_RM) in LRDS_Transaction.c:133
[PID=29359][Thu Apr  4 10:38:11 2024] Error : -1(Unix error code) in EduOM_Test.c:263
[PID=29359][Thu Apr  4 10:38:11 2024] Error : -589829(eNOLOGGEDTRANSACTION_RM) in RM_Transaction.c:311
[PID=29359][Thu Apr  4 10:38:11 2024] Error : -589829(eNOLOGGEDTRANSACTION_RM) in SM_Transaction.c:258
[PID=29359][Thu Apr  4 10:38:11 2024] Error : -589829(eNOLOGGEDTRANSACTION_RM) in SM_ThinLayer.c:761
[PID=29359][Thu Apr  4 10:38:11 2024] Error : -589829(eNOLOGGEDTRANSACTION_RM) in LRDS_Transaction.c:133
[PID=29521][Thu Apr  4 10:38:57 2024] Error : -1(Unix error code) in EduOM_Test.c:263
[PID=29521][Thu Apr  4 10:38:57 2024] Error : -589829(eNOLOGGEDTRANSACTION_RM) in RM_Transaction.c:311
[PID=29521][Thu Apr  4 10:38:57 2024] Error : -589829(eNOLOGGEDTRANSACTION_RM) in SM_Transaction.c:258
[PID=29521][Thu Apr  4 10:38:57 2024] Error : -589829(eNOLOGGEDTRANSACTION_RM) in SM_ThinLayer.c:761
[PID=29521][Thu Apr  4 10:38:57 2024] Error : -589829(eNOLOGGEDTRANSACTION_RM) in LRDS_Transaction.c:133
[PID=29603][Thu Apr  4 10:39:09 2024] Error : -1(Unix error code) in EduOM_Test.c:263
[PID=29603][Thu Apr  4 10:39:09 2024] Error : -589829(eNOLOGGEDTRANSACTION_RM) in RM_Transaction.c:311
[PID=29603][Thu Apr  4 10:39:09 2024] Error : -589829(eNOLOGGEDTRANSACTION_RM) in SM_Transaction.c:258
[PID=29603][Thu Apr  4 10:39:09 2024] Error : -589829(eNOLOGGEDTRANSACTION_RM) in SM_ThinLayer.c:761
[PID=29603][Thu Apr  4 10:39:09 2024] Error : -589829(eNOLOGGEDTRANSACTION_RM) in LRDS_Transaction.c:133
[PID=29693][Thu Apr  4 10:39:28 2024] Error : -1(Unix error code) in EduOM_Test.c:263
[PID=29693][Thu Apr  4 10:39:28 2024] Error : -589829(eNOLOGGEDTRANSACTION_RM) in RM_Transaction.c:311
[PID=29693][Thu Apr  4 10:39:28 2024] Error : -589829(eNOLOGGEDTRANSACTION_RM) in SM_Transaction.c:258
[PID=29693][Thu Apr  4 10:39:28 2024] Error : -589829(eNOLOGGEDTRANSACTION_RM) in SM_ThinLayer.c:761
[PID=29693][Thu Apr  4 10:39:28 2024] Error : -589829(eNOLOGGEDTRANSACTION_RM) in LRDS_Transaction.c:133
[PID=29964][Thu Apr  4 10:42:34 2024] Error : -1(Unix error code) in EduOM_Test.c:263
[PID=29964][Thu Apr  4 10:42:34 2024] Error : -589829(eNOLOGGEDTRANSACTION_RM) in RM_Transaction.c:311
[PID=29964][Thu Apr  4 10:42:34 2024] Error : -589829(eNOLOGGEDTRANSACTION_RM) in SM_Transaction.c:258
[PID=29964][Thu Apr  4 10:42:34 2024] Error : -589829(eNOLOGGEDTRANSACTION_RM) in SM_ThinLayer.c:761
[PID=29964][Thu Apr  4 10:42:34 2024] Error : -589829(eNOLOGGEDTRANSACTION_RM) in LRDS_Transaction.c:133
[PID=30106][Thu Apr  4 10:43:13 2024] Error : -35725(Unix error code) in EduOM_Test.c:263
[PID=30106][Thu Apr  4 10:43:13 2024] Error : -589829(eNOLOGGEDTRANSACTION_RM) in RM_Transaction.c:311
[PID=30106][Thu Apr  4 10:43:13 2024] Error : -589829(eNOLOGGEDTRANSACTION_RM) in SM_Transaction.c:258
[PID=30106][Thu Apr  4 10:43:13 2024] Error : -589829(eNOLOGGEDTRANSACTION_RM) in SM_ThinLayer.c:761
[PID=30106][Thu Apr  4 10:43:13 2024] Error : -589829(eNOLOGGEDTRANSACTION_RM) in LRDS_Transaction.c:133
[PID=30166][Thu Apr  4 10:43:19 2024] Error : -1(Unix error code) in EduOM_Test.c:263
[PID=30166][Thu Apr  4 10:43:19 2024] Error : -589829(eNOLOGGEDTRANSACTION_RM) in RM_Transaction.c:311
[PID=30166][Thu Apr  4 10:43:19 2024] Error : -589829(eNOLOGGEDTRANSACTION_RM) in SM_Transaction.c:258
[PID=30166][Thu Apr  4 10:43:19 2024] Error : -589829(eNOLOGGEDTRANSACTION_RM) in SM_ThinLayer.c:761
[PID=30166][Thu Apr  4 10:43:19 2024] Error : -589829(eNOLOGGEDTRANSACTION_RM) in LRDS_Transaction.c:133
[PID=30879][Thu Apr  4 10:50:53 2024] Error : -1(Unix error code) in EduOM_Test.c:263
[PID=30879][Thu Apr  4 10:50:53 2024] Error : -589829(eNOLOGGEDTRANSACTION_RM) in RM_Transaction.c:311
[PID=30879][Thu Apr  4 10:50:53 2024] Error : -589829(eNOLOGGEDTRANSACTION_RM) in SM_Transaction.c:258
[PID=30879][Thu Apr  4 10:50:53 2024] Error : -589829(eNOLOGGEDTRANSACTION_RM) in SM_ThinLayer.c:761
[PID=30879][Thu Apr  4 10:50:53 2024] Error : -589829(eNOLOGGEDTRANSACTION_RM) in LRDS_Transaction.c:133
[PID=30956][Thu Apr  4 10:51:18 2024] Error : -1(Unix error code) in EduOM_Test.c:263
[PID=30956][Thu Apr  4 10:51:18 2024] Error : -589829(eNOLOGGEDTRANSACTION_RM) in RM_Transaction.c:311
[PID=30956][Thu Apr  4 10:51:18 2024] Error : -589829(eNOLOGGEDTRANSACTION_RM) in SM_Transaction.c:258
[PID=30956][Thu Apr  4 10:51:18 2024] Error : -589829(eNOLOGGEDTRANSACTION_RM) in SM_ThinLayer.c:761
[PID=30956][Thu Apr  4 10:51:18 2024] Error : -589829(eNOLOGGEDTRANSACTION_RM) in LRDS_Transaction.c:133
[PID=31024][Thu Apr  4 10:51:28 2024] Error : -1(Unix error code) in EduOM_Test.c:263
[PID=31024][Thu Apr  4 10:51:28 2024] Error : -589829(eNOLOGGEDTRANSACTION_RM) in RM_Transaction.c:311
[PID=31024][Thu Apr  4 10:51:28 2024] Error : -589829(eNOLOGGEDTRANSACTION_RM) in SM_Transaction.c:258
[PID=31024][Thu Apr  4 10:51:28 2024] Error : -589829(eNOLOGGEDTRANSACTION_RM) in SM_ThinLayer.c:761
[PID=31024][Thu Apr  4 10:51:28 2024] Error : -589829(eNOLOGGEDTRANSACTION_RM) in LRDS_Transaction.c:133
[PID=31096][Thu Apr  4 10:51:36 2024] Error : -1(Unix error code) in EduOM_Test.c:263
[PID=31096][Thu Apr  4 10:51:36 2024] Error : -589829(eNOLOGGEDTRANSACTION_RM) in RM_Transaction.c:311
[PID=31096][Thu Apr  4 10:51:36 2024] Error : -589829(eNOLOGGEDTRANSACTION_RM) in SM_Transaction.c:258
[PID=31096][Thu Apr  4 10:51:36 2024] Error : -589829(eNOLOGGEDTRANSACTION_RM) in SM_ThinLayer.c:761
[PID=31096][Thu Apr  4 10:51:36 2024] Error : -589829(eNOLOGGEDTRANSACTION_RM) in LRDS_Transaction.c:133
[PID=31167][Thu Apr  4 10:52:10 2024] Error : -1(Unix error code) in EduOM_Test.c:263
[PID=31167][Thu Apr  4 10:52:10 2024] Error : -589829(eNOLOGGEDTRANSACTION_RM) in RM_Transaction.c:311
[PID=31167][Thu Apr  4 10:52:10 2024] Error : -589829(eNOLOGGEDTRANSACTION_RM) in SM_Transaction.c:258
[PID=31167][Thu Apr  4 10:52:10 2024] Error : -589829(eNOLOGGEDTRANSACTION_RM) in SM_ThinLayer.c:761
[PID=31167][Thu Apr  4 10:52:10 2024] Error : -589829(eNOLOGGEDTRANSACTION_RM) in LRDS_Transaction.c:133
[PID=31456][Thu Apr  4 10:54:12 2024] Error : -1(Unix error code) in EduOM_Test.c:263
[PID=31456][Thu Apr  4 10:54:12 2024] Error : -589829(eNOLOGGEDTRANSACTION_RM) in RM_Transaction.c:311
[PID=31456][Thu Apr  4 10:54:12 2024] Error : -589829(eNOLOGGEDTRANSACTION_RM) in SM_Transaction.c:258
[PID=31456][Thu Apr  4 10:54:12 2024] Error : -589829(eNOLOGGEDTRANSACTION_RM) in SM_ThinLayer.c:761
[PID=31456][Thu Apr  4 10:54:12 2024] Error : -589829(eNOLOGGEDTRANSACTION_RM) in LRDS_Transaction.c:133
[PID=31663][Thu Apr  4 10:54:57 2024] Error : -1(Unix error code) in EduOM_Test.c:263
[PID=31663][Thu Apr  4 10:54:57 2024] Error : -589829(eNOLOGGEDTRANSACTION_RM) in RM_Transaction.c:311
[PID=31663][Thu Apr  4 10:54:57 2024] Error : -589829(eNOLOGGEDTRANSACTION_RM) in SM_Transaction.c:258
[PID=31663][Thu Apr  4 10:54:57 2024] Error : -589829(eNOLOGGEDTRANSACTION_RM) in SM_ThinLayer.c:761
[PID=31663][Thu Apr  4 10:54:57 2024] Error : -589829(eNOLOGGEDTRANSACTION_RM) in LRDS_Transaction.c:133
[PID=31745][Thu Apr  4 10:55:11 2024] Error : -1(Unix error code) in EduOM_Test.c:263
[PID=31745][Thu Apr  4 10:55:11 2024] Error : -589829(eNOLOGGEDTRANSACTION_RM) in RM_Transaction.c:311
[PID=31745][Thu Apr  4 10:55:11 2024] Error : -589829(eNOLOGGEDTRANSACTION_RM) in SM_Transaction.c:258
[PID=31745][Thu Apr  4 10:55:11 2024] Error : -589829(eNOLOGGEDTRANSACTION_RM) in SM_ThinLayer.c:761
[PID=31745][Thu Apr  4 10:55:11 2024] Error : -589829(eNOLOGGEDTRANSACTION_RM) in LRDS_Transaction.c:133
[PID=31816][Thu Apr  4 10:55:20 2024] Error : -1(Unix error code) in EduOM_Test.c:263
[PID=31816][Thu Apr  4 10:55:20 2024] Error : -589829(eNOLOGGEDTRANSACTION_RM) in RM_Transaction.c:311
[PID=31816][Thu Apr  4 10:55:20 2024] Error : -589829(eNOLOGGEDTRANSACTION_RM) in SM_Transaction.c:258
[PID=31816][Thu Apr  4 10:55:20 2024] Error : -589829(eNOLOGGEDTRANSACTION_RM) in SM_ThinLayer.c:761
[PID=31816][Thu Apr  4 10:55:20 2024] Error : -589829(eNOLOGGEDTRANSACTION_RM) in LRDS_Transaction.c:133
[PID=2171][Thu Apr  4 11:39:32 2024] Error : -393217(eBADOBJECTID_OM) in OM_Dump.c:304
[PID=2171][Thu Apr  4 11:39:32 2024] Error : -393217(eBADOBJECTID_OM) in EduOM_Test.c:366
[PID=2171][Thu Apr  4 11:39:32 2024] Error : -589829(eNOLOGGEDTRANSACTION_RM) in RM_Transaction.c:311
[PID=2171][Thu Apr  4 11:39:32 2024] Error : -589829(eNOLOGGEDTRANSACTION_RM) in SM_Transaction.c:258
[PID=2171][Thu Apr  4 11:39:32 2024] Error : -589829(eNOLOGGEDTRANSACTION_RM) in SM_ThinLayer.c:761
[PID=2171][Thu Apr  4 11:39:32 2024] Error : -589829(eNOLOGGEDTRANSACTION_RM) in LRDS_Transaction.c:133
[PID=2548][Thu Apr  4 11:50:13 2024] Error : -393217(eBADOBJECTID_OM) in OM_Dump.c:304
[PID=2548][Thu Apr  4 11:50:13 2024] Error : -393217(eBADOBJECTID_OM) in EduOM_Test.c:366
[PID=2548][Thu Apr  4 11:50:13 2024] Error : -589829(eNOLOGGEDTRANSACTION_RM) in RM_Transaction.c:311
[PID=2548][Thu Apr  4 11:50:13 2024] Error : -589829(eNOLOGGEDTRANSACTION_RM) in SM_Transaction.c:258
[PID=2548][Thu Apr  4 11:50:13 2024] Error : -589829(eNOLOGGEDTRANSACTION_RM) in SM_ThinLayer.c:761
[PID=2548][Thu Apr  4 11:50:13 2024] Error : -589829(eNOLOGGEDTRANSACTION_RM) in LRDS_Transaction.c:133
[PID=2665][Thu Apr  4 11:51:03 2024] Error : -393217(eBADOBJECTID_OM) in OM_Dump.c:304
[PID=2665][Thu Apr  4 11:51:03 2024] Error : -393217(eBADOBJECTID_OM) in EduOM_Test.c:366
[PID=2665][Thu Apr  4 11:51:03 2024] Error : -589829(eNOLOGGEDTRANSACTION_RM) in RM_Transaction.c:311
[PID=2665][Thu Apr  4 11:51:03 2024] Error : -589829(eNOLOGGEDTRANSACTION_RM) in SM_Transaction.c:258
[PID=2665][Thu Apr  4 11:51:03 2024] Error : -589829(eNOLOGGEDTRANSACTION_RM) in SM_ThinLayer.c:761
[PID=2665][Thu Apr  4 11:51:03 2024] Error : -589829(eNOLOGGEDTRANSACTION_RM) in LRDS_Transaction.c:133
[PID=3024][Thu Apr  4 11:53:26 2024] Error : -393217(eBADOBJECTID_OM) in OM_Dump.c:304
[PID=3024][Thu Apr  4 11:53:26 2024] Error : -393217(eBADOBJECTID_OM) in EduOM_Test.c:366
[PID=3024][Thu Apr  4 11:53:26 2024] Error : -589829(eNOLOGGEDTRANSACTION_RM) in RM_Transaction.c:311
[PID=3024][Thu Apr  4 11:53:26 2024] Error : -589829(eNOLOGGEDTRANSACTION_RM) in SM_Transaction.c:258
[PID=3024][Thu Apr  4 11:53:26 2024] Error : -589829(eNOLOGGEDTRANSACTION_RM) in SM_ThinLayer.c:761
[PID=3024][Thu Apr  4 11:53:26 2024] Error : -589829(eNOLOGGEDTRANSACTION_RM) in LRDS_Transaction.c:133
[PID=3350][Thu Apr  4 11:57:52 2024] Error : -393217(eBADOBJECTID_OM) in OM_Dump.c:304
[PID=3350][Thu Apr  4 11:57:52 2024] Error : -393217(eBADOBJECTID_OM) in EduOM_Test.c:366
[PID=3350][Thu Apr  4 11:57:52 2024] Error : -589829(eNOLOGGEDTRANSACTION_RM) in RM_Transaction.c:311
[PID=3350][Thu Apr  4 11:57:52 2024] Error : -589829(eNOLOGGEDTRANSACTION_RM) in SM_Transaction.c:258
[PID=3350][Thu Apr  4 11:57:52 2024] Error : -589829(eNOLOGGEDTRANSACTION_RM) in SM_ThinLayer.c:761
[PID=3350][Thu Apr  4 11:57:52 2024] Error : -589829(eNOLOGGEDTRANSACTION_RM) in LRDS_Transaction.c:133
[PID=4404][Thu Apr  4 15:40:07 2024] Error : -393217(eBADOBJECTID_OM) in OM_Dump.c:304
[PID=4404][Thu Apr  4 15:40:07 2024] Error : -393217(eBADOBJECTID_OM) in EduOM_Test.c:389
[PID=4404][Thu Apr  4 15:40:07 2024] Error : -589829(eNOLOGGEDTRANSACTION_RM) in RM_Transaction.c:311
[PID=4404][Thu Apr  4 15:40:07 2024] Error : -589829(eNOLOGGEDTRANSACTION_RM) in SM_Transaction.c:258
[PID=4404][Thu Apr  4 15:40:07 2024] Error : -589829(eNOLOGGEDTRANSACTION_RM) in SM_ThinLayer.c:761
[PID=4404][Thu Apr  4 15:40:07 2024] Error : -589829(eNOLOGGEDTRANSACTION_RM) in LRDS_Transaction.c:133
[PID=4477][Thu Apr  4 15:40:22 2024] Error : -393217(eBADOBJECTID_OM) in OM_Dump.c:304
[PID=4477][Thu Apr  4 15:40:22 2024] Error : -393217(eBADOBJECTID_OM) in EduOM_Test.c:389
[PID=4477][Thu Apr  4 15:40:22 2024] Error : -589829(eNOLOGGEDTRANSACTION_RM) in RM_Transaction.c:311
[PID=4477][Thu Apr  4 15:40:22 2024] Error : -589829(eNOLOGGEDTRANSACTION_RM) in SM_Transaction.c:258
[PID=4477][Thu Apr  4 15:40:22 2024] Error : -589829(eNOLOGGEDTRANSACTION_RM) in SM_ThinLayer.c:761
[PID=4477][Thu Apr  4 15:40:22 2024] Error : -589829(eNOLOGGEDTRANSACTION_RM) in LRDS_Transaction.c:133
[PID=4627][Thu Apr  4 15:42:14 2024] Error : -393217(eBADOBJECTID_OM) in OM_Dump.c:304
[PID=4627][Thu Apr  4 15:42:14 2024] Error : -393217(eBADOBJECTID_OM) in EduOM_Test.c:389
[PID=4627][Thu Apr  4 15:42:14 2024] Error : -589829(eNOLOGGEDTRANSACTION_RM) in RM_Transaction.c:311
[PID=4627][Thu Apr  4 15:42:14 2024] Error : -589829(eNOLOGGEDTRANSACTION_RM) in SM_Transaction.c:258
[PID=4627][Thu Apr  4 15:42:14 2024] Error : -589829(eNOLOGGEDTRANSACTION_RM) in SM_ThinLayer.c:761
[PID=4627][Thu Apr  4 15:42:14 2024] Error : -589829(eNOLOGGEDTRANSACTION_RM) in LRDS_Transaction.c:133
[PID=4829][Thu Apr  4 15:43:33 2024] Error : -393217(eBADOBJECTID_OM) in OM_Dump.c:304
[PID=4829][Thu Apr  4 15:43:33 2024] Error : -393217(eBADOBJECTID_OM) in EduOM_Test.c:389
[PID=4829][Thu Apr  4 15:43:33 2024] Error : -589829(eNOLOGGEDTRANSACTION_RM) in RM_Transaction.c:311
[PID=4829][Thu Apr  4 15:43:33 2024] Error : -589829(eNOLOGGEDTRANSACTION_RM) in SM_Transaction.c:258
[PID=4829][Thu Apr  4 15:43:33 2024] Error : -589829(eNOLOGGEDTRANSACTION_RM) in SM_ThinLayer.c:761
[PID=4829][Thu Apr  4 15:43:33 2024] Error : -589829(eNOLOGGEDTRANSACTION_RM) in LRDS_Transaction.c:133
[PID=4969][Thu Apr  4 15:46:40 2024] Error : -393217(eBADOBJECTID_OM) in OM_Dump.c:304
[PID=4969][Thu Apr  4 15:46:40 2024] Error : -393217(eBADOBJECTID_OM) in EduOM_Test.c:389
[PID=4969][Thu Apr  4 15:46:40 2024] Error : -589829(eNOLOGGEDTRANSACTION_RM) in RM_Transaction.c:311
[PID=4969][Thu Apr  4 15:46:40 2024] Error : -589829(eNOLOGGEDTRANSACTION_RM) in SM_Transaction.c:258
[PID=4969][Thu Apr  4 15:46:40 2024] Error : -589829(eNOLOGGEDTRANSACTION_RM) in SM_ThinLayer.c:761
[PID=4969][Thu Apr  4 15:46:40 2024] Error : -589829(eNOLOGGEDTRANSACTION_RM) in LRDS_Transaction.c:133
[PID=5055][Thu Apr  4 15:46:48 2024] Error : -393217(eBADOBJECTID_OM) in OM_Dump.c:304
[PID=5055][Thu Apr  4 15:46:48 2024] Error : -393217(eBADOBJECTID_OM) in EduOM_Test.c:389
[PID=5055][Thu Apr  4 15:46:48 2024] Error : -589829(eNOLOGGEDTRANSACTION_RM) in RM_Transaction.c:311
[PID=5055][Thu Apr  4 15:46:48 2024] Error : -589829(eNOLOGGEDTRANSACTION_RM) in SM_Transaction.c:258
[PID=5055][Thu Apr  4 15:46:48 2024] Error : -589829(eNOLOGGEDTRANSACTION_RM) in SM_ThinLayer.c:761
[PID=5055][Thu Apr  4 15:46:48 2024] Error : -589829(eNOLOGGEDTRANSACTION_RM) in LRDS_Transaction.c:133
[PID=5121][Thu Apr  4 15:47:13 2024] Error : -393217(eBADOBJECTID_OM) in OM_Dump.c:304
[PID=5121][Thu Apr  4 15:47:13 2024] Error : -393217(eBADOBJECTID_OM) in EduOM_Test.c:389
[PID=5121][Thu Apr  4 15:47:13 2024] Error : -589829(eNOLOGGEDTRANSACTION_RM) in RM_Transaction.c:311
[PID=5121][Thu Apr  4 15:47:13 2024] Error : -589829(eNOLOGGEDTRANSACTION_RM) in SM_Transaction.c:258
[PID=5121][Thu Apr  4 15:47:13 2024] Error : -589829(eNOLOGGEDTRANSACTION_RM) in SM_ThinLayer.c:761
[PID=5121][Thu Apr  4 15:47:13 2024] Error : -589829(eNOLOGGEDTRANSACTION_RM) in LRDS_Transaction.c:133
[PID=5200][Thu Apr  4 15:47:38 2024] Error : -393217(eBADOBJECTID_OM) in OM_Dump.c:304
[PID=5200][Thu Apr  4 15:47:38 2024] Error : -393217(eBADOBJECTID_OM) in EduOM_Test.c:389
[PID=5200][Thu Apr  4 15:47:38 2024] Error : -589829(eNOLOGGEDTRANSACTION_RM) in RM_Transaction.c:311
[PID=5200][Thu Apr  4 15:47:38 2024] Error : -589829(eNOLOGGEDTRANSACTION_RM) in SM_Transaction.c:258
[PID=5200][Thu Apr  4 15:47:38 2024] Error : -589829(eNOLOGGEDTRANSACTION_RM) in SM_ThinLayer.c:761
[PID=5200][Thu Apr  4 15:47:38 2024] Error : -589829(eNOLOGGEDTRANSACTION_RM) in LRDS_Transaction.c:133
[PID=5302][Thu Apr  4 15:50:17 2024] Error : -393217(eBADOBJECTID_OM) in OM_Dump.c:304
[PID=5302][Thu Apr  4 15:50:17 2024] Error : -393217(eBADOBJECTID_OM) in EduOM_Test.c:389
[PID=5302][Thu Apr  4 15:50:17 2024] Error : -589829(eNOLOGGEDTRANSACTION_RM) in RM_Transaction.c:311
[PID=5302][Thu Apr  4 15:50:17 2024] Error : -589829(eNOLOGGEDTRANSACTION_RM) in SM_Transaction.c:258
[PID=5302][Thu Apr  4 15:50:17 2024] Error : -589829(eNOLOGGEDTRANSACTION_RM) in SM_ThinLayer.c:761
[PID=5302][Thu Apr  4 15:50:17 2024] Error : -589829(eNOLOGGEDTRANSACTION_RM) in LRDS_Transaction.c:133
[PID=5441][Thu Apr  4 15:51:39 2024] Error : -393217(eBADOBJECTID_OM) in OM_Dump.c:304
[PID=5441][Thu Apr  4 15:51:39 2024] Error : -393217(eBADOBJECTID_OM) in EduOM_Test.c:389
[PID=5441][Thu Apr  4 15:51:39 2024] Error : -589829(eNOLOGGEDTRANSACTION_RM) in RM_Transaction.c:311
[PID=5441][Thu Apr  4 15:51:39 2024] Error : -589829(eNOLOGGEDTRANSACTION_RM) in SM_Transaction.c:258
[PID=5441][Thu Apr  4 15:51:39 2024] Error : -589829(eNOLOGGEDTRANSACTION_RM) in SM_ThinLayer.c:761
[PID=5441][Thu Apr  4 15:51:39 2024] Error : -589829(eNOLOGGEDTRANSACTION_RM) in LRDS_Transaction.c:133
[PID=5734][Thu Apr  4 16:02:22 2024] Error : -393217(eBADOBJECTID_OM) in OM_Dump.c:304
[PID=5734][Thu Apr  4 16:02:22 2024] Error : -393217(eBADOBJECTID_OM) in EduOM_Test.c:389
[PID=5734][Thu Apr  4 16:02:22 2024] Error : -589829(eNOLOGGEDTRANSACTION_RM) in RM_Transaction.c:311
[PID=5734][Thu Apr  4 16:02:22 2024] Error : -589829(eNOLOGGEDTRANSACTION_RM) in SM_Transaction.c:258
[PID=5734][Thu Apr  4 16:02:22 2024] Error : -589829(eNOLOGGEDTRANSACTION_RM) in SM_ThinLayer.c:761
[PID=5734][Thu Apr  4 16:02:22 2024] Error : -589829(eNOLOGGEDTRANSACTION_RM) in LRDS_Transaction.c:133
[PID=6519][Thu Apr  4 16:12:04 2024] Error : -262149(eFLUSHFIXEDBUF_BFM) in BfM_Dismount.c:110
[PID=6519][Thu Apr  4 16:12:04 2024] Error : -262149(eFLUSHFIXEDBUF_BFM) in SM_Dismount.c:104
[PID=6519][Thu Apr  4 16:12:04 2024] Error : -262149(eFLUSHFIXEDBUF_BFM) in LRDS_Dismount.c:246
[PID=6519][Thu Apr  4 16:12:04 2024] Error : -262149(eFLUSHFIXEDBUF_BFM) in LRDS_Dismount.c:143
